<html>
<body>
<pre>
<h1>µVision Build Log</h1>
<h2>Tool Versions:</h2>
IDE-Version: µVision V5.36.0.0
Copyright (C) 2021 ARM Ltd and ARM Germany GmbH. All rights reserved.
License Information: Victor Olugbusi, University of Texas, LIC=P6FUE-PVJX4-NWZBD-RWF0W-BNK06-D4AQG
 
Tool Versions:
Toolchain:       MDK-ARM Professional  Version: 5.36.0.0
Toolchain Path:  C:\Keil_v5\ARM\ARMCC\Bin
C Compiler:      Armcc.exe V5.06 update 7 (build 960)
Assembler:       Armasm.exe V5.06 update 7 (build 960)
Linker/Locator:  ArmLink.exe V5.06 update 7 (build 960)
Library Manager: ArmAr.exe V5.06 update 7 (build 960)
Hex Converter:   FromElf.exe V5.06 update 7 (build 960)
CPU DLL:         SARMCM3.DLL V5.36.0.0
Dialog DLL:      DCM.DLL V1.17.3.0
Target DLL:      lmidk-agdi.dll V???
Dialog DLL:      TCM.DLL V1.53.0.0
 
<h2>Project:</h2>
C:\Keil_v5\EE319KwareSpring2022\Lab10_EE319K - Victor1\SpaceInvaders.uvprojx
Project File Date:  05/01/2022

<h2>Output:</h2>
*** Using Compiler 'V5.06 update 7 (build 960)', folder: 'C:\Keil_v5\ARM\ARMCC\Bin'
Rebuild target 'SpaceInvaders'
assembling random.s...
assembling LCD.s...
assembling startup.s...
assembling Print.s...
compiling DAC.c...
compiling Timer1.c...
compiling Timer0.c...
compiling ADC.c...
compiling Fifo.c...
compiling ST7735.c...
compiling TExaS.c...
compiling PLL.c...
compiling SpaceInvaders.c...
Timer2.h(15): warning:  #1-D: last line of file ends without a newline
  #endif
SpaceInvaders.c(208): warning:  #223-D: function "RXStatus" declared implicitly
  		if (RXStatus()) {
SpaceInvaders.c(224): warning:  #223-D: function "ClearRXStatus" declared implicitly
  			ClearRXStatus();
SpaceInvaders.c(143): warning:  #177-D: variable "sillyGuy"  was declared but never referenced
  	int64_t sillyGuy;
SpaceInvaders.c(270): warning:  #940-D: missing return statement at end of non-void function "FancyPrintWord" 
  }
SpaceInvaders.c: 5 warnings, 0 errors
compiling Timer2.c...
Timer2.h(15): warning:  #1-D: last line of file ends without a newline
  #endif
Timer2.c: 1 warning, 0 errors
compiling Sound.c...
Sound.c(16): warning:  #68-D: integer conversion resulted in a change of sign
  const unsigned char 	bkgMusic[bkgLen] = {30,30,30,31,34,32,30,32,33,35,34,31,29,29,31,31,30,32,31,32,32,30,33,34,35,35,31,31,30,31,31,30,30,31,34,31,30,33,33,34,32,29,29,29,31,31,30,31,32,34,32,31,33,34,35,32,30,30,28,30,30,30,31,33,34,31,32,34,37,36,29,26,27,29,29,29,33,33,31,32,35,35,33,32,32,32,32,28,30,33,32,34,35,32,28,28,30,32,32,34,33,31,32,32,29,30,31,31,30,29,31,31,33,36,34,31,29,30,30,29,32,32,31,33,31,29,29,32,33,32,33,32,31,34,33,31,30,31,31,29,30,32,33,35,34,31,28,31,31,30,32,33,33,33,32,30,30,33,33,31,32,31,31,33,32,30,31,31,30,28,29,32,33,35,34,29,27,30,30,29,32,33,33,33,32,30,32,33,32,31,31,31,32,33,32,31,32,32,30,29,32,33,33,34,32,29,29,31,30,30,33,34,33,33,32,30,32,33,32,31,31,30,32,33,31,31,32,31,29,28,32,32,33,34,31,28,29,31,29,30,34,32,32,32,30,31,32,33,31,31,31,31,34,33,32,32,32,31,28,30,33,33,34,34,31,29,31,32,29,32,34,32,32,31,31,31,32,32,30,31,30,31,33,32,32,32,31,30,28,32,33,33,35,34,30,29,32,31,29,34,33,32,32,30,31,31,32,31,30,31,31,33,33,32,33,32,32,30,29,33,32,32,34,32,30,30,32,...
,33,30,30,31,30,32,31,30,31,31,29,27,29,28,29,32,33,31,29,28,29,29,30,33,32,32,33,32,31,31,31,32,30,28,29,30,27,25,27,25,23,23,25,28,29,33,35,32,33,36,37,35,34,34,34,31,28,28,26,25,26,23,22,24,26,26,26,27,27,27,28,29,32,34,35,36,35,33,32,35,35,32,31,33,35,32,31,31,30,32,32,32,31,33,34,32,33,32,30,30,30,30,33,34,36,37,35,35,37,38,37,35,33,35,36,33,33,34,34,37,36,35,37,39,38,36,36,33,32,33,31,33,34,34,35,32,31,31,32,33,29,29,30,34,33,30,31,30,31,32,29,30,32,32,28,27,27,22,24,25,24,26,29,31,30,30,33,35,37,35,34,32,31,34,30,28,28,25,26,26,24,26,30,29,25,25,23,22,23,24,27,29,31,32,30,31,35,34,36,34,32,32,33,37,32,33,33,31,51,50,46,53,39,31,30,24,15,16,18,15,23,14,8,17,21,25,28,33,38,39,35,41,46,42,49,46,37,45,55,50,44,49,46,41,41,39,36,35,41,43,43,39,38,38,33,33,26,27,28,17,11,12,12,12,14,11,13,14,10,15,18,25,28,19,19,14,9,17,20,19,26,26,28,33,34,41,50,51,51,50,50,54,52,50,52,47,45,43,41,43,43,50,46,32,33,32,28,29,34,37,34,36,32,24,30,33,27,25,22,13,17,21,12,18,17,9,16,15,14,16,20,25,17,21,19,14,18,20,31,36,36,39,...
,37,35,31,25,25,25,27,30,27,27,28,24,22,21,19,14,12,19,23,27,34,40,42,36,31,31,22,19,19,11,15,19,14,15,21,23,24,31,31,27,26,27,26,16,22,28,26,24,17,14,11,13,12,6,8,7,13,21,24,36,39,38,41,37,36,36,33,38,44,49,55,55,48,41,37,32,30,30,31,32,34,40,45,50,53,51,50,46,39,37,31,26,22,26,39,46,49,49,49,47,39,42,41,37,36,28,28,33,40,39,35,37,33,29,24,19,14,10,13,17,26,37,42,41,38,35,32,29,28,26,28,30,21,21,29,28,26,30,37,36,29,29,27,24,18,15,22,30,40,38,31,35,29,28,32,31,31,34,36,27,33,38,30,27,22,30,24,12,19,13,5,5,3,5,21,34,31,47,50,41,48,44,41,45,44,45,41,37,41,44,50,46,40,40,33,27,20,21,25,21,26,37,53,58,54,60,51,49,46,35,35,31,33,25,24,33,25,33,39,33,39,48,50,46,45,45,42,36,36,40,40,51,54,44,42,33,25,33,29,25,30,27,24,24,24,25,25,26,34,33,32,37,27,19,16,11,7,6,17,25,24,32,34,29,29,30,24,21,21,17,15,15,15,16,21,23,27,43,48,38,36,26,14,12,7,8,3,4,12,10,23,30,25,31,26,21,28,31,31,35,34,33,39,48,50,45,50,53,48,42,36,40,36,26,29,20,15,28,31,38,51,54,56,53,50,49,46,44,40,36,33,33,31,31,35,30,40,49,43,47,44,40,35,25,29,2...
,26,25,31,33,31,33,27,23,24,28,32,33,34,32,31,30,32,34,30,28,31,34,34,32,33,29,21,21,24,25,32,39,41,36,31,27,23,25,30,29,29,30,29,29,32,34,28,27,26,22,24,24,25,30,31,33,32,37,34,32,41,35,27,25,27,29,30,32,31,34,29,27,35,31,29,35,41,40,32,35,35,23,26,31,30,38,41,42,39,35,36,32,34,33,36,37,33,37,35,35,32,28,29,29,37,30,31,40,28,25,28,27,34,39,35,36,35,29,33,34,36,37,27,27,26,15,20,26,23,30,34,31,37,40,40,41,35,34,36,41,41,33,36,34,23,22,23,28,35,37,43,36,26,29,24,17,23,34,35,35,41,30,21,30,36,36,37,36,32,37,32,22,31,29,24,30,29,35,32,37,39,22,25,25,24,30,31,39,38,35,32,27,35,43,43,41,39,28,28,30,25,31,28,28,27,19,33,36,35,43,39,39,39,35,34,28,32,35,37,41,34,28,30,34,31,28,31,28,29,30,28,34,34,37,36,29,37,39,39,44,41,37,31,25,28,34,34,34,37,35,25,27,33,35,38,33,30,28,22,28,28,29,32,26,26,27,31,37,37,33,34,41,34,32,34,33,31,20,25,33,24,32,37,30,28,26,24,23,25,31,36,36,36,31,24,28,32,41,44,37,39,35,27,22,23,31,34,27,32,36,23,26,33,31,30,25,28,30,31,36,35,30,23,26,35,36,41,45,47,42,34,29,24,27,29,34,38,30,34,32,24,...
,29,27,29,28,33,39,37,35,32,26,22,28,37,40,38,35,35,32,28,32,34,32,30,25,26,30,35,40,38,36,37,32,24,26,36,38,37,35,35,36,31,30,32,28,25,24,25,25,28,35,39,36,35,34,28,25,34,39,38,38,37,35,30,27,30,30,30,27,26,29,32,35,38,36,34,31,26,23,29,40,43,40,37,35,31,28,28,26,24,26,27,29,32,37,41,38,36,33,28,24,25,34,39,36,36,38,34,28,28,30,28,27,24,26,28,30,38,38,37,37,32,24,22,29,37,37,35,34,34,30,29,30,28,27,25,25,28,30,38,42,38,35,30,22,20,26,35,36,36,38,37,32,30,31,26,24,25,24,28,30,35,40,37,35,35,28,19,21,32,39,38,38,39,36,29,31,30,26,29,28,28,31,33,40,42,38,36,31,24,23,30,38,39,38,38,38,33,32,34,30,29,27,26,29,31,37,39,36,38,34,26,24,30,36,36,36,36,37,34,29,29,25,22,25,27,29,30,35,41,39,37,36,28,20,24,33,37,39,40,39,36,31,31,29,25,24,22,25,29,34,40,42,39,37,32,24,22,33,39,39,38,37,34,32,32,30,26,26,27,27,30,36,39,38,37,36,33,26,23,30,38,37,37,38,37,30,27,30,28,25,25,27,28,31,38,40,38,39,36,27,21,25,34,39,37,37,37,34,31,29,27,24,22,23,26,30,37,44,42,40,37,28,21,23,31,35,34,38,39,34,34,34,31,26,25,25,27,30,34,40,39,...
,40,35,34,31,39,48,43,53,53,48,49,36,35,25,13,17,23,43,57,60,62,55,51,45,37,37,41,37,33,38,41,39,38,33,32,28,21,21,19,26,39,45,45,38,30,26,18,13,19,20,19,19,26,32,31,34,30,23,16,5,11,20,30,45,46,43,38,29,22,14,11,15,12,11,24,29,31,42,38,32,21,8,8,4,15,24,19,24,26,22,20,17,17,21,24,25,35,37,35,34,32,34,25,17,16,16,29,36,45,46,37,38,33,24,26,36,37,31,36,42,48,50,48,49,40,34,27,20,27,36,44,47,39,34,33,32,35,38,39,42,45,49,57,51,45,46,31,22,19,12,24,38,41,45,44,42,42,37,30,31,36,34,32,37,43,42,40,44,35,23,20,14,16,28,36,43,44,37,34,28,24,24,24,32,35,32,39,37,29,30,25,18,14,12,22,32,43,56,55,46,41,33,23,15,20,22,20,26,31,33,33,31,27,23,21,13,10,15,26,35,37,41,35,29,25,17,22,28,26,24,30,36,29,29,32,24,21,18,16,21,28,45,56,55,50,46,41,26,22,27,29,32,36,46,46,48,54,45,43,37,24,25,29,43,50,48,48,38,33,27,21,30,34,42,47,47,52,48,50,47,37,31,19,19,30,44,59,59,57,53,47,38,34,41,40,41,41,42,49,47,51,44,37,36,17,11,14,16,30,33,34,28,21,27,23,24,29,30,30,24,27,27,27,29,25,23,15,6,11,22,30,37,44,37,24,19,14,19,26,25,29,28,30...
,19,19,25,34,37,36,36,33,25,16,14,19,24,25,30,39,42,44,44,37,24,14,11,8,10,23,36,38,36,34,32,27,19,17,18,21,28,32,33,35,38,36,25,14,6,9,17,24,34,36,34,36,27,21,15,13,19,19,23,30,36,40,40,37,24,20,19,9,16,25,34,42,42,43,37,35,33,23,24,29,37,41,44,47,45,46,41,29,24,22,28,31,37,42,47,53,45,37,31,22,23,23,29,36,41,50,51,45,38,35,31,25,31,35,40,51,53,51,49,45,40,26,17,17,21,26,30,36,38,41,40,31,27,23,24,29,30,31,38,44,39,30,29,20,9,14,20,24,34,46,47,43,38,32,26,18,17,22,24,28,37,42,41,40,37,27,15,10,15,22,26,35,43,40,37,35,26,20,20,24,27,24,30,38,36,33,33,27,13,10,17,20,26,37,44,45,39,34,31,22,19,22,23,22,28,37,39,39,38,37,27,17,23,29,32,45,56,55,50,47,41,32,26,28,32,28,28,39,45,40,40,41,28,19,24,29,34,43,53,57,52,44,38,31,27,33,36,34,37,47,58,60,55,54,45,30,25,29,30,34,45,49,43,41,41,33,23,23,26,22,23,30,37,39,37,39,30,14,13,19,22,27,34,42,43,36,29,24,19,16,20,19,16,25,39,43,40,40,35,21,9,11,14,17,31,39,35,32,32,26,19,15,15,20,19,22,37,40,36,40,35,18,7,10,15,16,22,33,39,36,31,31,26,23,27,24,19,23,35,46,44,42,45,3...
,35,33,26,39,48,53,59,51,46,45,39,36,32,33,40,28,21,28,22,22,36,31,27,25,15,16,17,21,26,19,21,24,15,12,13,15,19,18,23,30,25,22,27,29,28,32,30,22,32,39,39,48,43,34,37,35,30,37,51,56,55,58,58,56,59,59,55,49,48,50,42,40,46,47,44,33,27,28,27,31,40,46,45,42,37,35,31,27,29,18,14,12,8,17,16,17,22,19,17,20,22,21,25,27,29,29,30,35,30,32,41,34,33,31,28,35,40,41,43,50,45,36,36,33,38,37,34,49,46,40,42,37,38,38,38,33,26,39,46,49,53,44,40,36,26,25,22,18,14,14,15,5,9,12,10,9,7,13,16,15,16,23,34,39,45,42,40,39,36,40,39,43,48,50,51,39,36,39,43,50,46,42,41,43,48,44,49,52,41,43,33,26,32,32,35,36,39,35,38,42,30,41,36,18,32,32,30,33,34,33,19,16,15,19,29,33,46,45,42,47,48,51,48,49,38,28,30,26,30,35,39,35,24,29,23,24,30,29,37,35,37,42,42,47,34,34,41,22,18,20,22,28,28,33,27,15,18,20,22,25,25,25,18,16,18,17,23,22,21,17,7,13,20,16,24,35,26,14,17,17,19,30,28,19,17,20,27,27,29,33,30,19,6,11,22,31,42,50,49,41,39,45,44,45,49,54,48,34,37,34,36,46,42,34,18,20,34,32,34,39,41,31,27,33,28,28,26,31,37,25,24,29,31,36,35,33,25,23,40,49,51,53,50,3...
,37,31,29,32,36,39,36,38,37,34,36,36,32,23,23,27,21,28,40,43,43,37,36,33,33,34,32,37,37,40,41,37,39,40,40,32,25,27,29,39,43,41,40,40,42,32,29,35,33,36,35,38,40,34,35,34,29,23,23,26,20,23,34,39,37,34,36,30,27,26,19,18,19,20,22,24,25,27,34,33,29,30,34,38,44,43,39,37,36,31,24,27,29,24,27,31,32,40,45,42,39,34,32,31,27,31,41,43,40,40,38,34,34,32,26,20,19,22,27,24,23,30,30,26,23,20,20,23,31,36,31,30,36,33,28,32,31,25,27,33,34,38,45,46,42,38,34,31,28,29,37,44,42,37,37,36,32,33,35,30,26,34,40,37,44,50,46,41,36,31,29,28,31,37,35,28,32,34,26,26,33,35,32,35,41,43,50,52,48,44,38,31,28,26,30,36,37,36,38,41,37,35,36,31,23,23,25,25,28,34,34,32,29,26,23,19,23,30,30,28,28,31,28,25,31,27,17,18,25,28,31,34,31,31,27,19,18,17,19,27,32,32,32,36,35,29,29,28,20,15,20,22,23,28,26,21,21,21,16,16,20,26,33,36,37,42,43,39,41,41,31,25,28,32,31,34,38,37,34,30,30,28,29,38,40,38,37,39,42,37,33,37,29,22,25,30,32,37,44,40,38,40,35,33,31,32,36,36,32,34,38,34,33,36,34,29,29,36,38,38,43,41,36,34,32,28,24,28,30,30,31,29,33,34,28,30,29,17,13,19,24,...
,14,10,4,6,10,18,23,24,27,25,22,26,30,28,21,17,19,19,22,22,25,26,23,24,19,20,30,31,28,25,19,14,8,5,6,8,19,25,22,19,17,23,31,26,20,15,14,21,24,22,26,27,25,26,27,32,32,35,38,30,27,22,14,14,16,19,22,24,22,19,20,31,41,38,37,38,39,40,36,36,37,37,37,36,36,35,40,41,36,37,33,30,31,31,41,51,52,50,49,47,43,44,45,43,40,40,44,42,44,46,42,51,53,43,45,51,60,58,48,43,34,31,26,21,30,39,42,39,35,36,41,46,45,42,36,28,28,30,33,34,33,36,34,31,30,36,44,40,39,39,35,37,37,37,35,40,44,30,25,27,31,39,38,35,27,23,26,22,19,17,25,29,21,20,28,41,46,42,39,32,23,23,30,29,35,44,37,28,25,22,31,44,46,49,49,46,53,51,47,47,46,41,27,25,39,52,57,50,44,40,34,35,36,34,40,46,40,34,34,37,44,46,40,31,23,23,29,33,31,32,39,34,29,33,40,49,46,38,32,26,24,23,22,27,32,30,24,21,27,36,40,38,31,23,18,16,17,19,20,21,14,5,5,8,16,26,25,15,7,2,3,5,9,13,12,12,14,18,17,21,35,30,18,19,20,21,22,25,22,19,20,15,17,25,35,41,35,28,17,15,14,7,11,12,11,16,19,22,23,33,41,36,31,26,27,25,28,32,21,19,21,20,20,21,32,41,37,30,30,32,27,28,27,23,25,24,27,28,29,40,42,35,33,38,39,33,...
,33,33,38,42,43,44,45,42,37,35,33,24,24,32,34,30,31,37,39,39,40,41,41,37,35,36,33,30,34,32,28,29,26,23,22,25,28,23,26,38,34,26,33,39,30,26,27,29,30,31,33,32,27,23,23,18,19,29,34,34,33,34,37,35,32,35,32,24,28,33,30,30,37,39,34,30,31,32,32,36,39,34,31,34,32,25,26,34,31,25,27,29,33,33,30,29,28,26,26,26,21,22,31,32,29,31,36,37,35,39,38,29,25,27,24,23,29,33,33,35,36,38,38,38,41,39,37,37,38,37,30,32,33,25,24,28,34,38,40,45,46,43,38,35,33,32,37,38,34,36,38,37,34,34,33,33,31,33,40,37,40,48,45,41,39,36,35,35,35,37,32,29,33,34,30,32,36,30,27,28,31,33,32,32,31,27,25,27,26,23,25,23,19,19,19,23,22,24,35,33,28,31,33,31,32,35,32,29,31,29,27,26,27,30,25,24,30,35,35,33,37,37,29,25,30,31,30,32,27,23,19,18,21,19,21,26,25,29,32,35,39,39,42,39,28,24,27,30,30,29,33,34,32,32,33,35,38,44,45,39,38,42,43,38,37,38,27,23,30,31,28,31,38,36,32,31,35,42,40,41,42,40,38,35,36,31,31,34,31,26,25,32,35,35,39,37,34,32,31,31,27,31,33,27,24,25,30,32,33,34,28,24,22,23,24,23,33,37,31,29,29,33,32,32,31,29,28,26,29,29,30,35,32,24,20,26,34,34,38,42,41,...
,16,14,17,23,33,36,36,37,26,38,37,15,23,21,14,20,25,32,28,25,26,24,26,30,37,36,37,44,50,51,47,50,44,39,41,36,37,27,26,31,25,31,31,34,42,43,48,43,44,52,51,55,53,54,56,41,35,32,31,32,28,33,36,34,40,48,52,46,41,38,28,27,30,33,39,44,47,43,34,34,31,22,27,36,24,9,15,20,27,37,32,28,28,26,26,20,22,29,32,33,23,22,31,34,40,47,44,34,28,32,31,34,47,53,42,27,27,16,12,22,19,18,14,26,38,29,27,25,29,22,13,22,12,6,9,17,28,16,16,18,11,18,20,15,11,19,42,52,50,50,50,43,40,39,34,39,35,35,41,35,38,45,46,51,50,44,27,22,39,37,40,49,41,38,31,26,25,29,38,30,26,36,40,48,49,49,49,36,26,21,22,29,32,39,49,48,35,37,35,17,18,18,13,17,21,31,33,43,54,42,39,41,29,19,24,32,27,27,30,34,31,25,30,24,22,26,23,22,19,21,30,33,32,26,26,29,20,22,32,26,27,41,46,42,46,42,27,28,30,23,23,26,20,24,31,21,24,26,19,22,19,22,24,31,48,49,42,34,32,30,26,25,21,27,28,16,14,19,28,35,31,28,31,33,30,32,37,39,46,50,46,48,47,42,41,32,28,30,27,24,29,44,44,38,42,28,23,31,28,32,39,42,49,53,49,44,45,43,39,29,25,26,22,31,36,40,45,42,47,35,31,38,28,33,33,34,49,49,50,44,36,43,...
,38,38,38,37,28,25,28,25,24,30,40,40,35,33,27,24,23,28,35,34,33,36,41,40,36,38,32,24,23,22,22,28,39,42,38,36,33,27,23,24,31,34,32,33,38,41,39,39,34,25,24,23,21,23,32,41,38,35,33,29,28,29,35,37,33,32,34,36,35,36,35,27,25,26,22,24,32,40,39,36,36,33,30,29,34,38,34,28,28,33,34,35,37,31,28,29,26,24,26,36,39,35,35,32,29,29,31,36,35,31,30,33,33,32,36,32,26,27,26,25,29,38,43,38,35,33,28,24,26,33,36,33,32,35,37,35,36,33,26,27,28,27,28,35,44,40,32,30,27,23,24,31,37,34,33,36,37,34,34,34,27,25,27,25,27,34,41,41,37,34,29,26,23,26,34,34,31,33,37,37,37,39,32,26,28,25,23,27,38,42,37,36,33,27,24,25,30,33,31,34,38,40,38,40,36,25,24,22,19,24,33,43,41,37,37,31,25,23,27,32,31,33,37,40,41,40,37,29,26,24,19,21,27,37,40,36,36,33,29,27,30,35,33,32,35,36,35,36,37,29,25,27,22,21,27,36,39,36,37,36,32,29,29,36,34,30,31,34,35,35,38,34,27,29,26,22,24,32,39,36,35,37,33,30,29,32,35,31,31,33,35,34,36,34,26,25,25,22,25,33,42,41,37,37,33,27,25,28,31,29,30,33,35,36,37,37,29,27,28,24,27,33,41,43,35,32,30,26,23,26,34,33,32,35,37,35,35,37,30,25,28,...
,32,34,33,27,23,25,17,8,23,27,27,37,36,36,28,26,34,35,41,47,53,49,40,48,48,44,47,41,36,36,40,51,51,50,50,45,36,29,35,36,40,50,54,52,44,47,51,41,40,35,22,16,20,33,31,33,40,30,27,25,22,27,29,34,40,37,26,28,32,21,22,22,14,10,16,37,37,35,42,33,23,18,19,21,24,33,37,31,26,23,22,21,14,8,5,2,5,17,20,18,26,25,17,9,7,10,8,12,18,15,15,15,21,21,15,14,9,3,3,14,17,13,23,19,10,8,11,17,11,18,28,31,36,34,38,38,32,32,19,13,18,27,39,35,38,43,34,29,23,19,17,23,34,30,35,39,39,43,37,33,29,25,28,37,51,52,54,56,48,42,44,51,49,47,51,54,56,55,58,57,54,54,40,28,29,35,48,52,45,48,54,45,42,44,41,42,43,44,47,47,52,58,57,49,42,39,33,36,46,43,43,45,37,34,28,28,41,41,37,39,43,47,45,49,50,43,31,20,15,10,22,38,36,34,39,42,35,30,31,27,29,30,30,41,38,40,49,35,27,26,24,23,24,39,40,34,35,31,34,26,29,33,20,25,29,35,37,32,41,33,28,28,19,23,21,34,41,27,35,37,36,33,27,32,21,23,27,27,37,31,35,29,15,19,11,14,12,16,30,17,23,26,22,29,23,29,21,19,32,35,47,43,51,56,38,37,26,23,24,25,37,27,31,39,38,41,31,37,26,15,32,31,35,36,36,41,29,24,24,27,26,26,42,35,31,...
,41,43,36,33,32,28,23,28,35,36,37,39,42,41,37,36,29,22,19,24,29,27,31,37,32,29,32,31,28,33,40,43,42,40,43,43,35,33,31,22,18,22,29,30,30,37,35,29,30,27,21,23,27,33,34,28,33,38,32,29,28,22,14,18,28,27,28,38,39,33,33,32,26,25,32,36,37,37,37,42,39,34,35,31,23,24,35,39,37,44,47,37,33,34,28,19,25,32,34,39,40,45,47,40,38,36,24,22,29,32,30,32,38,35,33,35,32,28,29,41,47,44,47,48,46,42,41,42,32,26,31,35,36,33,39,38,31,33,29,20,20,26,32,36,37,39,44,40,34,34,27,17,19,26,24,22,30,33,29,28,27,21,19,21,25,31,33,33,35,31,28,28,26,23,23,31,35,32,36,38,34,33,32,23,16,22,28,36,41,39,41,40,34,31,27,21,14,11,16,15,18,27,27,26,28,25,22,25,30,38,43,42,42,40,34,33,33,27,22,25,30,32,31,36,39,36,35,30,20,22,26,32,43,42,41,44,41,37,36,32,25,25,28,29,29,38,45,41,39,36,28,25,26,32,39,41,37,34,34,30,35,39,30,29,37,42,41,40,43,40,34,28,19,15,17,26,33,37,38,38,41,38,36,36,28,24,25,26,28,32,38,38,36,34,29,26,25,30,36,42,42,38,36,34,36,36,28,23,24,28,29,31,35,36,35,33,24,20,21,26,33,39,41,40,43,43,41,39,32,25,23,25,26,27,35,36,34,35,24,17,19,...
,37,37,31,33,30,29,28,27,34,34,32,34,33,30,32,36,32,32,28,25,29,29,37,39,34,40,33,22,22,25,33,32,26,35,38,33,38,39,36,38,33,26,25,25,30,39,39,40,36,32,29,22,33,36,26,29,31,34,36,37,35,31,30,21,24,35,32,35,41,35,34,33,25,24,27,30,27,26,32,33,36,39,39,39,33,22,21,31,31,34,36,32,36,37,30,26,30,34,32,30,31,34,34,36,39,40,36,27,23,23,23,33,36,30,27,33,32,23,28,31,26,30,29,29,39,43,44,44,37,31,28,28,31,33,35,33,30,33,28,25,28,28,34,31,21,27,28,28,36,37,33,29,25,24,27,34,40,37,37,38,35,30,27,34,38,36,33,29,33,37,36,40,39,32,29,26,24,30,41,37,35,39,31,28,30,33,40,35,30,32,30,31,34,34,36,33,20,19,26,27,33,38,35,32,28,27,26,25,31,31,29,26,27,34,34,38,38,30,28,28,30,30,37,43,37,35,34,31,31,30,33,35,34,30,30,35,35,42,45,36,28,24,25,29,33,39,39,37,36,29,25,24,27,29,25,23,23,28,34,35,39,37,26,22,22,23,30,36,35,35,34,30,28,27,32,35,32,34,29,30,36,40,42,39,37,31,27,29,31,38,37,32,37,39,34,29,30,36,34,29,28,29,32,36,35,36,34,24,25,28,25,32,39,34,32,32,30,28,28,31,32,30,25,27,32,33,36,39,36,27,23,25,25,31,36,34,35,34,34,33,29,...
,39,30,28,31,31,32,29,29,28,20,19,24,28,23,24,31,28,34,35,34,37,33,33,31,26,26,30,34,32,34,33,25,27,34,36,31,28,29,25,25,29,35,36,35,34,23,18,21,24,32,34,27,29,33,26,26,30,27,27,27,27,30,30,31,33,29,24,20,21,23,26,32,31,32,29,18,22,24,23,30,30,29,36,40,42,45,48,47,44,39,33,34,34,39,42,35,30,27,30,34,34,35,39,40,34,32,43,45,46,48,37,36,40,38,41,40,45,41,34,33,31,40,37,36,36,23,25,25,31,39,43,57,50,47,46,37,45,43,47,49,35,43,42,42,39,31,37,24,22,23,22,37,37,44,36,22,27,15,21,20,20,33,20,21,18,14,26,21,26,16,13,26,25,34,31,38,42,26,29,24,26,30,30,34,19,21,21,18,28,22,35,31,18,28,23,26,30,31,33,23,27,29,31,33,24,30,24,16,23,22,27,30,33,24,12,21,18,24,28,29,41,31,30,33,30,38,37,38,35,29,32,33,38,35,37,38,25,28,31,33,44,47,46,39,33,33,33,37,36,39,40,32,34,32,30,32,29,30,24,23,29,36,42,38,44,38,27,32,28,32,37,40,48,40,38,37,31,32,31,32,27,24,30,28,32,35,33,34,26,27,29,30,37,30,34,34,31,36,29,35,33,27,28,14,19,25,25,30,28,34,34,34,37,29,34,26,25,31,23,35,37,37,39,30,30,21,23,27,24,34,30,37,37,27,37,31,27,25,20,25,21,...
,34,30,32,39,34,36,47,48,49,48,44,42,37,36,36,33,28,21,21,24,32,40,36,36,35,26,26,22,19,25,27,26,31,35,36,41,48,50,53,50,46,44,34,33,32,21,18,19,23,30,37,46,48,48,43,37,38,32,28,31,26,29,37,38,38,41,50,45,39,37,35,39,27,27,29,14,18,19,21,30,32,46,42,39,46,43,45,37,31,28,19,26,28,30,26,25,41,30,28,28,27,35,24,30,26,16,24,16,21,24,27,39,27,27,21,20,29,20,25,18,18,26,26,37,31,39,45,31,36,31,35,36,30,32,18,21,20,19,25,18,31,29,22,31,22,27,28,26,26,16,21,22,27,30,28,41,33,28,28,19,27,23,23,19,10,17,13,18,18,17,29,21,27,32,26,33,30,28,20,16,17,18,27,25,30,38,30,31,29,30,37,32,32,30,26,31,32,34,31,34,32,25,33,31,31,33,29,31,25,23,25,29,35,33,41,41,34,41,38,39,42,33,33,26,24,33,41,43,40,48,48,47,55,48,47,46,40,40,31,35,37,37,44,39,41,40,37,39,32,38,32,24,29,18,23,31,30,30,26,33,33,38,46,38,42,35,32,34,22,30,32,33,38,32,39,35,37,38,34,39,27,30,29,21,36,35,33,30,26,29,23,35,35,30,32,21,28,23,20,34,23,20,21,21,23,22,31,29,31,29,19,22,15,18,29,28,29,25,25,27,30,36,32,34,28,21,28,22,27,38,36,41,41,40,36,38,44,39,45,36,30,...
,31,28,30,30,30,32,33,34,33,34,33,31,32,33,33,31,29,28,29,31,32,33,34,33,34,33,31,31,31,32,31,30,31,31,31,32,33,33,31,32,31,32,34,34,33,31,29,28,28,30,30,33,35,34,34,33,31,31,32,32,27,28,31,32,33,34,34,32,32,33,30,30,33,33,33,31,30,29,29,30,31,33,34,32,33,33,33,33,32,30,27,29,30,30,31,32,33,33,34,33,30,31,33,33,31,29,29,30,32,32,32,34,33,33,32,31,31,31,32,30,30,31,31,31,32,34,33,31,32,31,31,33,34,33,30,30,29,29,30,30,32,34,34,34,33,32,31,32,31,27,27,31,32,33,34,34,33,32,32,30,30,32,32,32,32,32,30,30,30,30,33,32,32,32,33,34,33,33,32,28,30,31,31,31,33,35,34,34,33,30,30,31,32,30,29,30,31,33,32,32,34,32,32,32,31,31,30,32,31,29,31,31,31,31,33,33,30,31,32,32,33,33,33,31,31,31,30,30,29,31,33,33,34,32,31,31,32,32,28,28,30,32,33,33,35,33,31,33,30,29,31,32,32,32,32,32,31,30,30,32,31,30,31,32,34,33,33,32,29,30,30,31,31,31,34,33,33,33,30,30,31,32,30,30,31,32,34,33,32,33,31,32,31,30,31,31,33,32,30,32,32,30,31,33,33,31,31,32,32,33,34,33,31,31,32,31,30,30,31,33,33,33,33,31,32,33,32,29,29,31,33,34,33,34,33,32,32,30,29,30,31,...
,27,24,26,26,31,33,36,38,30,30,28,27,29,27,29,26,20,20,23,25,25,31,33,33,34,32,34,37,39,40,30,27,29,29,31,31,33,35,33,32,32,34,35,36,35,28,27,30,32,33,34,39,37,33,34,36,35,33,35,33,28,29,31,32,31,32,35,33,32,32,32,33,33,32,29,27,31,35,38,35,39,46,45,46,47,45,43,41,40,33,26,28,28,28,30,33,35,31,28,29,33,33,31,31,27,22,25,27,25,23,26,27,23,24,26,28,29,30,31,27,26,30,32,32,30,34,35,31,31,28,28,28,25,23,19,19,23,24,23,27,35,35,32,33,33,36,36,34,31,25,26,28,24,24,29,29,29,29,23,24,29,28,29,28,24,26,28,28,26,29,33,32,32,34,34,32,32,33,29,31,36,36,35,36,41,40,39,39,35,37,36,33,34,31,32,34,34,33,33,38,39,38,38,36,37,36,36,36,31,32,31,31,31,32,34,33,36,35,32,36,32,31,30,24,27,32,34,33,35,40,39,39,38,35,35,34,33,29,29,32,29,28,28,27,28,28,30,27,25,28,25,25,24,25,28,28,30,31,32,36,37,37,35,33,33,31,30,27,27,29,28,30,32,34,35,36,36,33,36,37,34,33,30,32,32,30,31,31,31,34,34,32,32,33,33,34,32,31,34,32,31,33,32,33,35,36,34,33,28,19,16,16,16,16,17,18,17,18,20,26,27,27,31,36,39,39,39,41,42,39,34,36,35,32,33,29,29,34,30,25,25,...
,28,28,33,21,25,24,24,32,24,36,28,18,29,21,28,31,34,39,28,33,34,41,47,41,50,40,34,38,32,36,33,36,30,21,30,26,33,37,37,49,37,39,44,38,43,38,41,37,26,27,26,34,33,36,42,28,33,40,37,44,44,46,43,38,45,45,48,43,38,35,25,29,29,27,30,26,31,27,22,24,28,35,34,40,38,28,35,31,31,33,25,30,27,21,27,29,31,31,32,28,24,31,27,27,27,26,31,24,25,27,28,36,31,35,31,27,35,28,31,29,24,32,21,22,27,25,29,28,31,28,29,36,33,39,32,32,37,25,33,33,32,37,30,27,18,22,27,22,26,20,27,29,23,36,34,36,36,31,32,27,33,32,31,31,20,30,27,23,35,32,38,39,41,41,35,45,43,42,39,30,36,29,31,39,34,37,33,32,28,26,34,31,36,30,26,35,28,34,40,35,37,36,35,27,29,37,32,38,32,29,37,27,33,41,44,46,40,42,36,41,47,43,47,36,38,39,29,38,38,37,36,31,32,23,29,32,30,32,21,31,28,23,37,36,40,38,33,31,22,27,26,30,28,19,29,20,17,26,27,32,26,26,27,21,30,33,36,31,28,35,24,26,31,30,35,24,21,19,15,21,23,28,25,28,36,27,31,33,37,42,29,30,26,13,14,18,22,16,22,27,17,24,28,36,37,28,29,21,24,25,25,31,29,35,31,24,31,32,41,40,34,38,31,29,32,36,38,32,38,37,32,37,42,46,42,37,36,31,27,31,36,...
,21,18,22,24,28,30,30,31,29,26,24,21,22,23,24,24,25,26,28,28,24,23,24,26,29,33,35,33,37,34,26,29,31,34,38,32,30,30,27,24,25,29,29,29,31,26,23,26,27,29,32,35,35,38,41,44,45,44,45,37,26,25,25,31,33,32,36,34,30,30,28,24,25,27,28,30,33,34,36,39,41,42,43,46,47,43,38,38,38,29,29,32,32,37,39,35,32,31,27,27,31,33,34,36,38,40,40,39,41,41,37,34,35,38,40,40,39,40,35,29,26,22,24,29,31,31,33,31,27,29,30,31,32,32,31,26,25,27,28,31,32,33,35,37,40,36,30,29,24,20,23,25,28,32,33,34,36,31,29,29,24,23,26,28,28,30,31,31,34,36,35,30,30,34,34,34,37,35,29,28,31,33,37,40,38,35,33,28,26,29,30,30,32,33,33,32,27,27,31,32,35,36,38,41,40,40,44,39,33,31,28,30,34,34,35,38,36,30,29,32,31,25,27,29,29,33,32,33,36,38,40,40,43,46,41,37,36,31,27,28,30,32,34,34,37,37,26,19,21,22,25,27,31,32,34,36,36,39,41,37,32,32,37,36,36,38,32,28,28,32,32,25,23,24,27,30,24,21,22,22,25,29,32,32,28,27,29,31,34,34,33,35,36,35,35,35,25,17,18,18,21,23,25,30,33,34,32,28,29,26,21,24,28,31,32,31,32,35,35,36,36,28,23,27,29,29,25,25,26,27,28,29,37,42,37,32,26,23,23,24,26,...
,23,28,34,38,41,43,37,35,39,36,38,38,32,32,29,31,31,34,43,40,30,15,10,14,11,18,18,14,20,15,16,22,24,28,30,35,34,36,42,41,48,42,38,42,36,42,42,42,45,41,42,36,40,36,31,38,31,35,31,21,32,31,32,33,31,32,28,35,33,33,26,11,18,14,15,26,25,33,38,40,39,38,46,44,47,45,35,37,31,35,41,39,43,40,41,34,27,31,26,31,27,21,28,26,33,38,34,38,39,38,31,35,39,33,43,38,35,41,34,38,33,30,30,28,36,32,36,42,43,52,38,39,39,25,33,33,32,31,28,28,21,27,27,29,32,21,29,27,23,36,36,40,41,40,38,33,38,38,42,39,29,34,24,26,34,33,40,33,36,34,16,16,17,20,17,16,23,15,21,26,27,32,26,26,24,22,25,25,32,29,32,37,30,37,40,44,49,39,36,31,29,30,33,33,21,25,27,18,18,18,27,26,20,25,23,24,25,30,35,22,20,18,12,18,21,30,35,31,33,30,29,29,34,36,32,42,38,35,43,43,48,43,38,39,33,29,30,32,28,23,30,26,21,29,30,31,31,29,35,34,33,38,38,42,46,48,49,48,56,55,48,39,29,28,23,19,23,26,24,21,28,28,29,32,26,24,20,19,19,17,20,21,23,27,28,30,29,35,38,38,39,37,40,42,40,36,32,37,38,36,35,32,34,32,28,22,20,24,21,24,24,21,26,23,25,26,27,36,36,38,36,35,30,17,21,20,19,26,29,38,36,...
,32,29,31,32,33,34,34,37,39,42,44,39,31,28,30,32,35,37,31,28,29,23,19,18,21,23,26,31,34,39,39,40,42,40,40,39,36,26,17,21,21,20,24,24,25,26,29,33,35,39,39,39,39,39,42,40,43,42,36,34,32,28,19,16,21,22,27,30,33,36,33,35,35,33,34,34,38,35,30,33,29,28,29,28,30,31,31,26,24,28,28,28,32,36,38,38,41,37,32,35,33,29,28,28,32,26,22,22,18,17,22,24,19,15,17,27,36,31,28,28,31,33,28,32,30,30,39,42,45,48,48,48,48,48,48,45,39,37,26,18,20,16,19,23,28,37,42,46,48,51,51,46,43,39,40,36,35,33,23,26,31,35,33,40,52,52,53,55,57,57,54,54,48,45,40,33,34,30,27,28,26,25,24,27,31,31,30,34,30,26,30,27,23,29,36,33,27,26,29,31,31,26,16,13,19,19,18,17,17,21,25,27,30,31,25,24,27,26,29,26,21,21,19,21,15,12,17,15,18,24,27,33,38,35,34,35,22,18,17,14,14,7,12,14,11,19,15,13,19,23,27,31,35,31,27,25,27,30,28,30,33,38,45,47,50,53,53,47,44,33,24,30,26,26,30,21,28,34,38,46,39,34,38,42,40,43,43,40,41,28,20,20,18,24,27,32,36,35,36,37,37,39,40,41,44,45,45,38,28,28,25,23,28,29,25,25,28,29,29,32,33,38,33,30,33,30,31,31,30,37,39,37,40,38,29,33,30,25,35,29,27,2...
,34,36,36,52,54,56,53,43,47,35,27,28,30,30,23,33,32,28,37,40,44,38,33,29,20,26,28,34,35,29,39,35,29,32,34,43,39,35,36,25,26,30,35,32,28,35,30,32,36,36,43,36,35,36,26,20,25,38,36,36,40,28,30,34,41,42,28,31,29,30,34,34,42,24,20,30,19,11,10,24,25,16,20,20,20,19,29,37,34,41,40,36,37,37,45,44,38,37,31,17,9,15,19,19,24,28,26,31,41,42,39,37,37,37,37,38,41,43,40,40,37,28,28,27,26,29,25,26,25,22,26,28,33,37,38,42,51,55,54,54,51,47,46,40,25,14,20,23,24,29,25,29,35,36,39,38,38,37,37,36,27,29,32,32,35,36,32,25,30,33,28,24,16,15,16,16,22,20,24,24,19,26,27,28,30,31,32,26,30,22,17,31,31,34,36,32,37,31,25,22,20,20,17,22,17,20,28,24,30,27,28,24,14,24,24,25,26,23,32,25,25,37,41,37,27,34,34,33,39,36,36,29,31,31,15,26,35,36,37,31,33,34,35,33,36,38,30,34,33,31,34,33,41,38,39,43,25,26,32,29,27,21,24,24,26,35,40,45,42,47,55,50,52,47,44,43,35,31,14,7,18,25,26,19,23,29,28,32,35,41,34,34,38,32,40,42,46,49,35,35,31,19,24,23,21,17,17,24,26,29,32,39,40,36,41,41,40,41,41,41,33,38,36,17,26,32,33,38,30,32,27,23,29,29,34,32,29,31,30,35,33,35...
,36,41,42,33,34,36,27,21,21,22,26,29,32,34,33,34,39,40,42,43,46,46,35,33,34,29,30,30,24,15,15,16,16,19,22,24,24,30,35,34,38,44,39,37,37,25,24,27,22,27,23,14,12,10,16,25,23,17,21,18,21,27,23,28,29,31,40,39,40,38,40,49,51,48,44,38,31,32,33,35,36,37,40,30,25,30,29,34,39,41,47,50,53,52,53,54,48,41,40,41,37,35,33,24,24,29,28,32,38,35,35,45,54,57,56,58,61,58,57,51,45,44,41,35,29,29,25,24,25,20,18,17,22,22,21,25,24,27,32,37,41,36,37,38,38,40,32,27,27,29,27,21,18,19,23,22,17,16,20,20,19,20,20,22,17,16,18,16,22,23,19,21,28,34,37,40,42,46,38,28,29,16,5,4,6,7,6,14,17,16,16,15,20,18,21,27,29,35,34,37,35,35,42,41,44,46,51,59,49,42,42,34,27,31,28,23,31,30,29,30,26,34,41,41,40,36,39,41,42,41,40,44,43,44,34,23,21,22,26,28,32,32,29,33,38,40,41,41,39,40,42,40,36,35,36,35,36,30,23,23,20,19,15,12,14,15,23,20,18,23,21,24,26,26,33,39,43,44,41,35,38,35,29,37,33,24,20,18,20,9,9,9,1,6,12,15,12,16,22,23,37,30,31,40,27,39,44,41,49,38,54,42,8,39,56,41,40,33,33,33,33,39,39,39,36,36,33,35,43,39,39,39,38,34,27,27,20,16,17,16,23,20,20,27,27...
,22,23,28,36,31,29,30,20,24,31,39,44,35,33,31,33,32,35,38,25,25,26,21,25,27,34,36,32,30,24,18,15,24,30,29,39,37,31,34,35,43,44,37,41,37,30,32,32,30,30,34,29,19,25,34,38,39,31,26,26,23,27,31,32,32,36,38,34,41,53,56,54,50,48,38,32,37,38,38,39,40,39,39,41,38,31,25,26,23,18,16,12,17,22,27,34,32,34,38,39,38,32,32,29,29,31,29,33,32,34,34,27,29,27,31,34,31,31,19,12,15,16,23,25,30,33,30,32,29,31,30,28,27,21,26,25,23,27,26,27,20,19,24,22,27,28,31,31,25,33,31,29,29,25,30,27,30,33,27,36,35,34,32,24,27,25,28,38,43,45,37,41,41,40,44,42,46,38,37,36,22,29,37,39,42,31,29,29,29,29,25,22,15,20,24,26,30,32,39,35,35,40,38,46,48,51,42,23,26,26,24,32,36,42,37,38,39,32,30,22,23,23,16,18,13,15,24,31,34,27,27,32,30,27,30,37,30,28,30,25,30,33,38,39,28,32,33,28,32,32,31,26,17,15,21,26,32,40,40,30,30,34,34,33,35,38,32,33,36,29,32,33,38,37,24,29,29,26,28,27,32,31,29,32,39,40,26,32,32,22,29,25,24,29,30,37,28,22,27,29,35,39,41,39,36,39,39,40,38,37,42,40,36,36,39,43,43,45,41,28,29,32,30,27,26,30,29,29,35,35,34,38,39,38,42,45,47,49,42,38,38,...
,30,33,36,36,32,34,34,40,46,44,43,40,42,38,28,30,32,37,36,34,43,46,52,51,47,43,28,23,27,29,28,22,26,22,18,25,27,25,24,26,25,20,24,27,28,29,25,23,18,23,34,35,37,32,26,26,28,30,27,30,33,36,39,31,31,28,25,28,25,27,24,20,24,22,23,27,32,34,29,25,20,21,20,20,19,9,15,19,17,29,33,35,37,32,32,34,36,29,27,25,23,34,34,34,39,36,42,37,37,45,44,47,47,38,25,20,24,20,23,36,45,44,39,49,47,40,43,40,43,40,33,33,25,24,30,35,35,30,33,36,37,42,46,45,34,31,26,16,20,28,34,31,31,34,32,38,41,42,39,29,34,37,38,40,35,34,26,26,31,31,31,28,30,22,16,21,19,21,29,39,37,25,30,34,29,25,29,34,27,29,31,29,33,30,35,38,25,20,23,24,26,30,33,26,17,17,21,26,35,44,41,35,34,25,19,17,16,19,15,21,28,26,35,39,38,38,31,35,41,42,37,32,32,24,25,29,33,37,35,46,46,39,47,43,37,35,34,33,25,23,25,30,30,31,39,37,33,37,39,40,39,39,47,41,27,29,32,33,37,42,39,30,31,30,29,34,34,38,37,41,49,46,45,42,36,33,36,40,44,46,41,41,37,29,31,36,37,30,28,29,22,24,28,24,17,15,20,20,22,27,32,32,29,30,23,18,25,26,28,30,28,32,35,26,31,36,32,34,32,32,30,24,28,22,15,18,22,21,21,32,38,3...
                      	                                                                                                                                                                                                                                                                                                                                                                                                                                                                                                                                                                                                                                                                                                                                                                                                                                                                                                                                                                                                                                         ...
                                                                                                                                                                                                                                                                                                                                                                                                                                                                                                                                                                                                                                                                                                                                                                                                                                                                                                                                                                                                                                                                ...
                                                                                                                                                                                                                                                                                                                                                                                                                                                                                                                                                                                                                                                                                                                                                                                                                                                                                                                                                                                                                                                                ...
                                                                                                                                                                                                                                                                                                                                                                                                                                                                                                                                                                                                                                                                                                                                                                                                                                                                                                                                                                                                                                                                ...
                                                                                                                                                                                                                                                                                                                                                                                                                                                                                                                                                                                                                                                                                                                                                                                                                                                                                                                                                                                                                                                                ...
                                                                                                                                                                                                                                                                                                                                                                                                                                                                                                                                                                                                                                                                                                                                                                                                                                                                                                                                                                                                                                                                ...
                                                                                                                                                                                                                                                                                                                                                                                                                                                                                                                                                                                                                                                                                                                                                                                                                                                                                                                                                                                                                                                                ...
                                                                                                                                                                                                                                                                                                                                                                                                                                                                                                                                                                                                                                                                                                                                                                                                                                                                                                                                                                                                                                                                ...
                                                                                                                                                                                                                                                                                                                                                                                                                                                                                                                                                                                                                                                                                                                                                                                                                                                                                                                                                                                                                                                                ...
                                                                                                                                                                                                                                                                                                                                                                                                                                                                                                                                                                                                                                                                                                                                                                                                                                                                                                                                                                                                                                                                ...
                                                                                                                                                                                                                                                                                                                                                                                                                                                                                                                                                                                                                                                                                                                                                                                                                                                                                                                                                                                                                                                                ...
Sound.c: 1 warning, 0 errors
compiling Uart.c...
Uart.c(16): warning:  #177-D: variable "len"  was declared but never referenced
  static uint32_t len = 0;
Uart.c: 1 warning, 0 errors
linking...
Program Size: Code=6528 RO-data=172912 RW-data=152 ZI-data=1192  
".\SpaceInvaders.axf" - 0 Error(s), 8 Warning(s).

<h2>Software Packages used:</h2>

Package Vendor: ARM
                http://www.keil.com/pack/ARM.CMSIS.5.8.0.pack
                ARM.CMSIS.5.8.0
                CMSIS (Common Microcontroller Software Interface Standard)
   * Component: CORE Version: 5.5.0

Package Vendor: Keil
                http://www.keil.com/pack/Keil.TM4C_DFP.1.1.0.pack
                Keil.TM4C_DFP.1.1.0
                Texas Instruments Tiva C Series Device Support and Examples

<h2>Collection of Component include folders:</h2>
  .\RTE\_SpaceInvaders
  C:\Users\victo\AppData\Local\Arm\Packs\ARM\CMSIS\5.8.0\CMSIS\Core\Include
  C:\Users\victo\AppData\Local\Arm\Packs\Keil\TM4C_DFP\1.1.0\Device\Include\TM4C123

<h2>Collection of Component Files used:</h2>

   * Component: ARM::CMSIS:CORE:5.5.0
Build Time Elapsed:  00:00:02
</pre>
</body>
</html>
