Component: ARM Compiler 5.06 update 7 (build 960) Tool: armlink [4d3601]

==============================================================================

Section Cross References

    startup.o(STACK) refers (Special) to heapauxi.o(.text) for __use_two_region_memory
    startup.o(HEAP) refers (Special) to heapauxi.o(.text) for __use_two_region_memory
    startup.o(RESET) refers (Special) to heapauxi.o(.text) for __use_two_region_memory
    startup.o(RESET) refers to startup.o(STACK) for StackMem
    startup.o(RESET) refers to spaceinvaders.o(i.SysTick_Handler) for SysTick_Handler
    startup.o(RESET) refers to spaceinvaders.o(i.GPIOPortE_Handler) for GPIOPortE_Handler
    startup.o(RESET) refers to uart.o(i.UART1_Handler) for UART1_Handler
    startup.o(RESET) refers to spaceinvaders.o(i.Timer1A_Handler) for Timer1A_Handler
    startup.o(RESET) refers to texas.o(i.Timer5A_Handler) for Timer5A_Handler
    startup.o(RESET) refers to __main.o(!!!main) for __main
    startup.o(.text) refers (Special) to heapauxi.o(.text) for __use_two_region_memory
    startup.o(.text) refers to startup.o(HEAP) for HeapMem
    startup.o(.text) refers to startup.o(STACK) for StackMem
    random.o(.text) refers to random.o(DATA) for M
    print.o(.text) refers (Special) to st7735.o(i.ST7735_OutString) for ST7735_OutString
    print.o(.text) refers to st7735.o(i.ST7735_OutChar) for ST7735_OutChar
    spaceinvaders.o(i.ConvertADC) refers to spaceinvaders.o(i.StringLen) for StringLen
    spaceinvaders.o(i.ConvertADC) refers to spaceinvaders.o(.data) for keyRow
    spaceinvaders.o(i.DrawLetterOutline) refers to st7735.o(i.ST7735_DrawFastHLine) for ST7735_DrawFastHLine
    spaceinvaders.o(i.DrawLetterOutline) refers to st7735.o(i.ST7735_DrawFastVLine) for ST7735_DrawFastVLine
    spaceinvaders.o(i.DrawLetterOutline) refers to spaceinvaders.o(.data) for OldIndex
    spaceinvaders.o(i.DrawLetterOutline) refers to spaceinvaders.o(.constdata) for .constdata
    spaceinvaders.o(i.GPIOPortE_Handler) refers to uart.o(i.UART_OutChar) for UART_OutChar
    spaceinvaders.o(i.GPIOPortE_Handler) refers to spaceinvaders.o(i.SysTick_Wait) for SysTick_Wait
    spaceinvaders.o(i.GPIOPortE_Handler) refers to spaceinvaders.o(.data) for keyRow
    spaceinvaders.o(i.SysTick_Handler) refers to adc.o(i.ADC_In) for ADC_In
    spaceinvaders.o(i.SysTick_Handler) refers to spaceinvaders.o(i.ConvertADC) for ConvertADC
    spaceinvaders.o(i.SysTick_Handler) refers to spaceinvaders.o(.data) for KeyIndex
    spaceinvaders.o(i.main) refers to startup.o(.text) for DisableInterrupts
    spaceinvaders.o(i.main) refers to texas.o(i.TExaS_Init) for TExaS_Init
    spaceinvaders.o(i.main) refers to st7735.o(i.Output_Init) for Output_Init
    spaceinvaders.o(i.main) refers to st7735.o(i.ST7735_InvertDisplay) for ST7735_InvertDisplay
    spaceinvaders.o(i.main) refers to st7735.o(i.ST7735_SetTextColor) for ST7735_SetTextColor
    spaceinvaders.o(i.main) refers to st7735.o(i.ST7735_OutString) for ST7735_OutString
    spaceinvaders.o(i.main) refers to spaceinvaders.o(i.SysTick_Init) for SysTick_Init
    spaceinvaders.o(i.main) refers to adc.o(i.ADC_Init) for ADC_Init
    spaceinvaders.o(i.main) refers to uart.o(i.UART_Init) for UART_Init
    spaceinvaders.o(i.main) refers to random.o(.text) for Random_Init
    spaceinvaders.o(i.main) refers to st7735.o(i.ST7735_FillScreen) for ST7735_FillScreen
    spaceinvaders.o(i.main) refers to st7735.o(i.ST7735_DrawBitmap) for ST7735_DrawBitmap
    spaceinvaders.o(i.main) refers to spaceinvaders.o(i.SysTick_Wait) for SysTick_Wait
    spaceinvaders.o(i.main) refers to spaceinvaders.o(i.DrawLetterOutline) for DrawLetterOutline
    spaceinvaders.o(i.main) refers to spaceinvaders.o(.data) for keyRow
    spaceinvaders.o(i.main) refers to spaceinvaders.o(.constdata) for keyboard
    st7735.o(i.ExposeX) refers to st7735.o(.data) for StX
    st7735.o(i.ExposeY) refers to st7735.o(.data) for StY
    st7735.o(i.Output_Clear) refers to st7735.o(i.ST7735_FillScreen) for ST7735_FillScreen
    st7735.o(i.Output_Color) refers to st7735.o(i.ST7735_SetTextColor) for ST7735_SetTextColor
    st7735.o(i.Output_Init) refers to st7735.o(i.ST7735_InitR) for ST7735_InitR
    st7735.o(i.Output_Init) refers to st7735.o(i.ST7735_FillScreen) for ST7735_FillScreen
    st7735.o(i.Output_Off) refers to st7735.o(i.Output_Clear) for Output_Clear
    st7735.o(i.Output_On) refers to st7735.o(i.Output_Init) for Output_Init
    st7735.o(i.ST7735_DrawBitmap) refers to st7735.o(i.setAddrWindow) for setAddrWindow
    st7735.o(i.ST7735_DrawBitmap) refers to lcd.o(.text) for writedata
    st7735.o(i.ST7735_DrawBitmap) refers to st7735.o(.data) for _width
    st7735.o(i.ST7735_DrawChar) refers to st7735.o(i.setAddrWindow) for setAddrWindow
    st7735.o(i.ST7735_DrawChar) refers to st7735.o(i.pushColor) for pushColor
    st7735.o(i.ST7735_DrawChar) refers to st7735.o(.data) for _width
    st7735.o(i.ST7735_DrawChar) refers to st7735.o(.constdata) for Font
    st7735.o(i.ST7735_DrawCharS) refers to st7735.o(i.ST7735_DrawPixel) for ST7735_DrawPixel
    st7735.o(i.ST7735_DrawCharS) refers to st7735.o(i.ST7735_FillRect) for ST7735_FillRect
    st7735.o(i.ST7735_DrawCharS) refers to st7735.o(.data) for _width
    st7735.o(i.ST7735_DrawCharS) refers to st7735.o(.constdata) for Font
    st7735.o(i.ST7735_DrawCircle) refers to st7735.o(i.setAddrWindow) for setAddrWindow
    st7735.o(i.ST7735_DrawCircle) refers to lcd.o(.text) for writedata
    st7735.o(i.ST7735_DrawCircle) refers to st7735.o(i.deselect) for deselect
    st7735.o(i.ST7735_DrawCircle) refers to st7735.o(.data) for _width
    st7735.o(i.ST7735_DrawCircle) refers to st7735.o(.constdata) for circle
    st7735.o(i.ST7735_DrawFastHLine) refers to st7735.o(i.setAddrWindow) for setAddrWindow
    st7735.o(i.ST7735_DrawFastHLine) refers to lcd.o(.text) for writedata
    st7735.o(i.ST7735_DrawFastHLine) refers to st7735.o(.data) for _width
    st7735.o(i.ST7735_DrawFastVLine) refers to st7735.o(i.setAddrWindow) for setAddrWindow
    st7735.o(i.ST7735_DrawFastVLine) refers to lcd.o(.text) for writedata
    st7735.o(i.ST7735_DrawFastVLine) refers to st7735.o(.data) for _width
    st7735.o(i.ST7735_DrawPixel) refers to st7735.o(i.setAddrWindow) for setAddrWindow
    st7735.o(i.ST7735_DrawPixel) refers to st7735.o(i.pushColor) for pushColor
    st7735.o(i.ST7735_DrawPixel) refers to st7735.o(.data) for _width
    st7735.o(i.ST7735_DrawSmallCircle) refers to st7735.o(i.setAddrWindow) for setAddrWindow
    st7735.o(i.ST7735_DrawSmallCircle) refers to lcd.o(.text) for writedata
    st7735.o(i.ST7735_DrawSmallCircle) refers to st7735.o(i.deselect) for deselect
    st7735.o(i.ST7735_DrawSmallCircle) refers to st7735.o(.data) for _width
    st7735.o(i.ST7735_DrawSmallCircle) refers to st7735.o(.constdata) for smallCircle
    st7735.o(i.ST7735_DrawString) refers to st7735.o(i.ST7735_DrawCharS) for ST7735_DrawCharS
    st7735.o(i.ST7735_FillRect) refers to st7735.o(i.setAddrWindow) for setAddrWindow
    st7735.o(i.ST7735_FillRect) refers to lcd.o(.text) for writedata
    st7735.o(i.ST7735_FillRect) refers to st7735.o(.data) for _width
    st7735.o(i.ST7735_FillScreen) refers to st7735.o(i.ST7735_FillRect) for ST7735_FillRect
    st7735.o(i.ST7735_FillScreen) refers to st7735.o(.data) for _height
    st7735.o(i.ST7735_InitB) refers to st7735.o(i.commonInit) for commonInit
    st7735.o(i.ST7735_InitB) refers to st7735.o(i.ST7735_SetCursor) for ST7735_SetCursor
    st7735.o(i.ST7735_InitB) refers to st7735.o(i.ST7735_FillScreen) for ST7735_FillScreen
    st7735.o(i.ST7735_InitB) refers to st7735.o(.constdata) for Bcmd
    st7735.o(i.ST7735_InitB) refers to st7735.o(.data) for StTextColor
    st7735.o(i.ST7735_InitR) refers to st7735.o(i.commonInit) for commonInit
    st7735.o(i.ST7735_InitR) refers to st7735.o(i.commandList) for commandList
    st7735.o(i.ST7735_InitR) refers to lcd.o(.text) for writecommand
    st7735.o(i.ST7735_InitR) refers to st7735.o(i.ST7735_SetCursor) for ST7735_SetCursor
    st7735.o(i.ST7735_InitR) refers to st7735.o(i.ST7735_FillScreen) for ST7735_FillScreen
    st7735.o(i.ST7735_InitR) refers to st7735.o(.constdata) for Rcmd1
    st7735.o(i.ST7735_InitR) refers to st7735.o(.data) for ColStart
    st7735.o(i.ST7735_InvertDisplay) refers to lcd.o(.text) for writecommand
    st7735.o(i.ST7735_OutChar) refers to st7735.o(i.ST7735_DrawString) for ST7735_DrawString
    st7735.o(i.ST7735_OutChar) refers to st7735.o(i.ST7735_DrawCharS) for ST7735_DrawCharS
    st7735.o(i.ST7735_OutChar) refers to st7735.o(.data) for StY
    st7735.o(i.ST7735_OutString) refers to st7735.o(i.ST7735_OutChar) for ST7735_OutChar
    st7735.o(i.ST7735_OutUDec) refers to st7735.o(i.fillmessage) for fillmessage
    st7735.o(i.ST7735_OutUDec) refers to st7735.o(i.ST7735_DrawString) for ST7735_DrawString
    st7735.o(i.ST7735_OutUDec) refers to st7735.o(i.ST7735_DrawCharS) for ST7735_DrawCharS
    st7735.o(i.ST7735_OutUDec) refers to st7735.o(.data) for Messageindex
    st7735.o(i.ST7735_OutUDec) refers to st7735.o(.bss) for Message
    st7735.o(i.ST7735_PlotBar) refers to st7735.o(i.ST7735_DrawFastVLine) for ST7735_DrawFastVLine
    st7735.o(i.ST7735_PlotBar) refers to st7735.o(.data) for Ymin
    st7735.o(i.ST7735_PlotClear) refers to st7735.o(i.ST7735_Color565) for ST7735_Color565
    st7735.o(i.ST7735_PlotClear) refers to st7735.o(i.ST7735_FillRect) for ST7735_FillRect
    st7735.o(i.ST7735_PlotClear) refers to st7735.o(.data) for Ymax
    st7735.o(i.ST7735_PlotLine) refers to st7735.o(i.ST7735_DrawPixel) for ST7735_DrawPixel
    st7735.o(i.ST7735_PlotLine) refers to st7735.o(.data) for Ymin
    st7735.o(i.ST7735_PlotNext) refers to st7735.o(.data) for X
    st7735.o(i.ST7735_PlotNextErase) refers to st7735.o(i.ST7735_Color565) for ST7735_Color565
    st7735.o(i.ST7735_PlotNextErase) refers to st7735.o(i.ST7735_DrawFastVLine) for ST7735_DrawFastVLine
    st7735.o(i.ST7735_PlotNextErase) refers to st7735.o(.data) for X
    st7735.o(i.ST7735_PlotPoint) refers to st7735.o(i.ST7735_DrawPixel) for ST7735_DrawPixel
    st7735.o(i.ST7735_PlotPoint) refers to st7735.o(.data) for Ymin
    st7735.o(i.ST7735_PlotPoints) refers to st7735.o(i.ST7735_DrawPixel) for ST7735_DrawPixel
    st7735.o(i.ST7735_PlotPoints) refers to st7735.o(.data) for Ymin
    st7735.o(i.ST7735_PlotdBfs) refers to st7735.o(i.ST7735_DrawFastVLine) for ST7735_DrawFastVLine
    st7735.o(i.ST7735_PlotdBfs) refers to st7735.o(.constdata) for dBfs
    st7735.o(i.ST7735_PlotdBfs) refers to st7735.o(.data) for X
    st7735.o(i.ST7735_SetCursor) refers to st7735.o(.data) for StX
    st7735.o(i.ST7735_SetRotation) refers to lcd.o(.text) for writecommand
    st7735.o(i.ST7735_SetRotation) refers to st7735.o(.data) for Rotation
    st7735.o(i.ST7735_SetTextColor) refers to st7735.o(.data) for StTextColor
    st7735.o(i.commandList) refers to lcd.o(.text) for writecommand
    st7735.o(i.commandList) refers to st7735.o(i.Delay1ms) for Delay1ms
    st7735.o(i.commonInit) refers to st7735.o(i.Delay1ms) for Delay1ms
    st7735.o(i.commonInit) refers to st7735.o(i.commandList) for commandList
    st7735.o(i.commonInit) refers to st7735.o(.data) for RowStart
    st7735.o(i.fillmessage) refers to st7735.o(.bss) for Message
    st7735.o(i.fillmessage) refers to st7735.o(.data) for Messageindex
    st7735.o(i.fputc) refers to st7735.o(i.ST7735_OutChar) for ST7735_OutChar
    st7735.o(i.pushColor) refers to lcd.o(.text) for writedata
    st7735.o(i.setAddrWindow) refers to lcd.o(.text) for writecommand
    st7735.o(i.setAddrWindow) refers to st7735.o(.data) for ColStart
    texas.o(i.PeriodicTask2_Init) refers to texas.o(.data) for PeriodicTask2
    texas.o(i.TExaS_Init) refers to startup.o(.text) for DisableInterrupts
    texas.o(i.TExaS_Init) refers to pll.o(i.PLL_Init) for PLL_Init
    texas.o(i.TExaS_Init) refers to texas.o(i.PeriodicTask2_Init) for PeriodicTask2_Init
    texas.o(i.TExaS_Init) refers to texas.o(i.ADC1_Init) for ADC1_Init
    texas.o(i.TExaS_Init) refers to texas.o(i.LogicAnalyzerA) for LogicAnalyzerA
    texas.o(i.TExaS_Init) refers to texas.o(i.LogicAnalyzerB) for LogicAnalyzerB
    texas.o(i.TExaS_Init) refers to texas.o(i.LogicAnalyzerC) for LogicAnalyzerC
    texas.o(i.TExaS_Init) refers to texas.o(i.LogicAnalyzerE) for LogicAnalyzerE
    texas.o(i.TExaS_Init) refers to texas.o(i.LogicAnalyzerF) for LogicAnalyzerF
    texas.o(i.TExaS_Init) refers to texas.o(i.Scope) for Scope
    texas.o(i.TExaS_Stop) refers to texas.o(i.PeriodicTask2_Stop) for PeriodicTask2_Stop
    texas.o(i.Timer5A_Handler) refers to texas.o(.data) for PeriodicTask2
    texas.o(i.UART0_OutString) refers to texas.o(i.UART0_OutChar) for UART0_OutChar
    uart.o(i.ClearRXStatus) refers to uart.o(.data) for received
    uart.o(i.RXStatus) refers to uart.o(.data) for received
    uart.o(i.UART1_Handler) refers to fifo.o(i.Fifo_Put) for Fifo_Put
    uart.o(i.UART1_Handler) refers to uart.o(.data) for received
    uart.o(i.UART_InMessage) refers to uart.o(i.UART_InChar) for UART_InChar
    uart.o(i.UART_Init) refers to fifo.o(i.Fifo_Init) for Fifo_Init
    uart.o(i.UART_Init) refers to uart.o(.data) for received
    fifo.o(i.Fifo_Get) refers to fifo.o(.data) for PutI
    fifo.o(i.Fifo_Get) refers to fifo.o(.bss) for FIFO
    fifo.o(i.Fifo_Init) refers to fifo.o(.data) for GetI
    fifo.o(i.Fifo_Put) refers to fifo.o(.data) for PutI
    fifo.o(i.Fifo_Put) refers to fifo.o(.bss) for FIFO
    __main.o(!!!main) refers to __rtentry.o(.ARM.Collect$$rtentry$$00000000) for __rt_entry
    __rtentry.o(.ARM.Collect$$rtentry$$00000000) refers (Special) to __rtentry2.o(.ARM.Collect$$rtentry$$0000000A) for __rt_entry_li
    __rtentry.o(.ARM.Collect$$rtentry$$00000000) refers (Special) to __rtentry2.o(.ARM.Collect$$rtentry$$0000000D) for __rt_entry_main
    __rtentry.o(.ARM.Collect$$rtentry$$00000000) refers (Special) to __rtentry2.o(.ARM.Collect$$rtentry$$0000000C) for __rt_entry_postli_1
    __rtentry.o(.ARM.Collect$$rtentry$$00000000) refers (Special) to __rtentry2.o(.ARM.Collect$$rtentry$$00000009) for __rt_entry_postsh_1
    __rtentry.o(.ARM.Collect$$rtentry$$00000000) refers (Special) to __rtentry2.o(.ARM.Collect$$rtentry$$00000002) for __rt_entry_presh_1
    __rtentry.o(.ARM.Collect$$rtentry$$00000000) refers (Special) to __rtentry4.o(.ARM.Collect$$rtentry$$00000004) for __rt_entry_sh
    __rtentry2.o(.ARM.Collect$$rtentry$$00000008) refers to boardinit2.o(.text) for _platform_post_stackheap_init
    __rtentry2.o(.ARM.Collect$$rtentry$$0000000A) refers to libinit.o(.ARM.Collect$$libinit$$00000000) for __rt_lib_init
    __rtentry2.o(.ARM.Collect$$rtentry$$0000000B) refers to boardinit3.o(.text) for _platform_post_lib_init
    __rtentry2.o(.ARM.Collect$$rtentry$$0000000D) refers to spaceinvaders.o(i.main) for main
    __rtentry2.o(.ARM.Collect$$rtentry$$0000000D) refers to exit.o(.text) for exit
    __rtentry2.o(.ARM.exidx) refers to __rtentry2.o(.ARM.Collect$$rtentry$$00000001) for .ARM.Collect$$rtentry$$00000001
    __rtentry2.o(.ARM.exidx) refers to __rtentry2.o(.ARM.Collect$$rtentry$$00000008) for .ARM.Collect$$rtentry$$00000008
    __rtentry2.o(.ARM.exidx) refers to __rtentry2.o(.ARM.Collect$$rtentry$$0000000A) for .ARM.Collect$$rtentry$$0000000A
    __rtentry2.o(.ARM.exidx) refers to __rtentry2.o(.ARM.Collect$$rtentry$$0000000B) for .ARM.Collect$$rtentry$$0000000B
    __rtentry2.o(.ARM.exidx) refers to __rtentry2.o(.ARM.Collect$$rtentry$$0000000D) for .ARM.Collect$$rtentry$$0000000D
    __rtentry4.o(.ARM.Collect$$rtentry$$00000004) refers to sys_stackheap_outer.o(.text) for __user_setup_stackheap
    __rtentry4.o(.ARM.exidx) refers to __rtentry4.o(.ARM.Collect$$rtentry$$00000004) for .ARM.Collect$$rtentry$$00000004
    sys_stackheap_outer.o(.text) refers to libspace.o(.text) for __user_perproc_libspace
    sys_stackheap_outer.o(.text) refers to startup.o(.text) for __user_initial_stackheap
    exit.o(.text) refers to rtexit.o(.ARM.Collect$$rtexit$$00000000) for __rt_exit
    libinit.o(.ARM.Collect$$libinit$$00000000) refers (Special) to libinit2.o(.ARM.Collect$$libinit$$0000002E) for __rt_lib_init_alloca_1
    libinit.o(.ARM.Collect$$libinit$$00000000) refers (Special) to libinit2.o(.ARM.Collect$$libinit$$0000002C) for __rt_lib_init_argv_1
    libinit.o(.ARM.Collect$$libinit$$00000000) refers (Special) to libinit2.o(.ARM.Collect$$libinit$$0000001B) for __rt_lib_init_atexit_1
    libinit.o(.ARM.Collect$$libinit$$00000000) refers (Special) to libinit2.o(.ARM.Collect$$libinit$$00000021) for __rt_lib_init_clock_1
    libinit.o(.ARM.Collect$$libinit$$00000000) refers (Special) to libinit2.o(.ARM.Collect$$libinit$$00000032) for __rt_lib_init_cpp_1
    libinit.o(.ARM.Collect$$libinit$$00000000) refers (Special) to libinit2.o(.ARM.Collect$$libinit$$00000030) for __rt_lib_init_exceptions_1
    libinit.o(.ARM.Collect$$libinit$$00000000) refers (Special) to libinit2.o(.ARM.Collect$$libinit$$00000002) for __rt_lib_init_fp_1
    libinit.o(.ARM.Collect$$libinit$$00000000) refers (Special) to libinit2.o(.ARM.Collect$$libinit$$0000001F) for __rt_lib_init_fp_trap_1
    libinit.o(.ARM.Collect$$libinit$$00000000) refers (Special) to libinit2.o(.ARM.Collect$$libinit$$00000023) for __rt_lib_init_getenv_1
    libinit.o(.ARM.Collect$$libinit$$00000000) refers (Special) to libinit2.o(.ARM.Collect$$libinit$$0000000A) for __rt_lib_init_heap_1
    libinit.o(.ARM.Collect$$libinit$$00000000) refers (Special) to libinit2.o(.ARM.Collect$$libinit$$00000011) for __rt_lib_init_lc_collate_1
    libinit.o(.ARM.Collect$$libinit$$00000000) refers (Special) to libinit2.o(.ARM.Collect$$libinit$$00000013) for __rt_lib_init_lc_ctype_1
    libinit.o(.ARM.Collect$$libinit$$00000000) refers (Special) to libinit2.o(.ARM.Collect$$libinit$$00000015) for __rt_lib_init_lc_monetary_1
    libinit.o(.ARM.Collect$$libinit$$00000000) refers (Special) to libinit2.o(.ARM.Collect$$libinit$$00000017) for __rt_lib_init_lc_numeric_1
    libinit.o(.ARM.Collect$$libinit$$00000000) refers (Special) to libinit2.o(.ARM.Collect$$libinit$$00000019) for __rt_lib_init_lc_time_1
    libinit.o(.ARM.Collect$$libinit$$00000000) refers (Special) to libinit2.o(.ARM.Collect$$libinit$$00000004) for __rt_lib_init_preinit_1
    libinit.o(.ARM.Collect$$libinit$$00000000) refers (Special) to libinit2.o(.ARM.Collect$$libinit$$0000000E) for __rt_lib_init_rand_1
    libinit.o(.ARM.Collect$$libinit$$00000000) refers (Special) to libinit2.o(.ARM.Collect$$libinit$$00000033) for __rt_lib_init_return
    libinit.o(.ARM.Collect$$libinit$$00000000) refers (Special) to libinit2.o(.ARM.Collect$$libinit$$0000001D) for __rt_lib_init_signal_1
    libinit.o(.ARM.Collect$$libinit$$00000000) refers (Special) to libinit2.o(.ARM.Collect$$libinit$$00000025) for __rt_lib_init_stdio_1
    libinit.o(.ARM.Collect$$libinit$$00000000) refers (Special) to libinit2.o(.ARM.Collect$$libinit$$0000000C) for __rt_lib_init_user_alloc_1
    libspace.o(.text) refers to libspace.o(.bss) for __libspace_start
    rtexit.o(.ARM.Collect$$rtexit$$00000000) refers (Special) to rtexit2.o(.ARM.Collect$$rtexit$$00000004) for __rt_exit_exit
    rtexit.o(.ARM.Collect$$rtexit$$00000000) refers (Special) to rtexit2.o(.ARM.Collect$$rtexit$$00000003) for __rt_exit_ls
    rtexit.o(.ARM.Collect$$rtexit$$00000000) refers (Special) to rtexit2.o(.ARM.Collect$$rtexit$$00000002) for __rt_exit_prels_1
    rtexit.o(.ARM.exidx) refers (Special) to rtexit2.o(.ARM.Collect$$rtexit$$00000004) for __rt_exit_exit
    rtexit.o(.ARM.exidx) refers (Special) to rtexit2.o(.ARM.Collect$$rtexit$$00000003) for __rt_exit_ls
    rtexit.o(.ARM.exidx) refers (Special) to rtexit2.o(.ARM.Collect$$rtexit$$00000002) for __rt_exit_prels_1
    rtexit.o(.ARM.exidx) refers to rtexit.o(.ARM.Collect$$rtexit$$00000000) for .ARM.Collect$$rtexit$$00000000
    libinit2.o(.ARM.Collect$$libinit$$00000010) refers to libinit2.o(.ARM.Collect$$libinit$$0000000F) for .ARM.Collect$$libinit$$0000000F
    libinit2.o(.ARM.Collect$$libinit$$00000012) refers to libinit2.o(.ARM.Collect$$libinit$$0000000F) for .ARM.Collect$$libinit$$0000000F
    libinit2.o(.ARM.Collect$$libinit$$00000014) refers to libinit2.o(.ARM.Collect$$libinit$$0000000F) for .ARM.Collect$$libinit$$0000000F
    libinit2.o(.ARM.Collect$$libinit$$00000016) refers to libinit2.o(.ARM.Collect$$libinit$$0000000F) for .ARM.Collect$$libinit$$0000000F
    libinit2.o(.ARM.Collect$$libinit$$00000018) refers to libinit2.o(.ARM.Collect$$libinit$$0000000F) for .ARM.Collect$$libinit$$0000000F
    libinit2.o(.ARM.Collect$$libinit$$00000026) refers to argv_veneer.o(.emb_text) for __ARM_argv_veneer
    libinit2.o(.ARM.Collect$$libinit$$00000027) refers to argv_veneer.o(.emb_text) for __ARM_argv_veneer
    rtexit2.o(.ARM.Collect$$rtexit$$00000003) refers to libshutdown.o(.ARM.Collect$$libshutdown$$00000000) for __rt_lib_shutdown
    rtexit2.o(.ARM.Collect$$rtexit$$00000004) refers to sys_exit.o(.text) for _sys_exit
    rtexit2.o(.ARM.exidx) refers to rtexit2.o(.ARM.Collect$$rtexit$$00000001) for .ARM.Collect$$rtexit$$00000001
    rtexit2.o(.ARM.exidx) refers to rtexit2.o(.ARM.Collect$$rtexit$$00000003) for .ARM.Collect$$rtexit$$00000003
    rtexit2.o(.ARM.exidx) refers to rtexit2.o(.ARM.Collect$$rtexit$$00000004) for .ARM.Collect$$rtexit$$00000004
    argv_veneer.o(.emb_text) refers to no_argv.o(.text) for __ARM_get_argv
    sys_exit.o(.text) refers (Special) to use_no_semi.o(.text) for __I$use$semihosting
    sys_exit.o(.text) refers (Special) to indicate_semi.o(.text) for __semihosting_library_function
    _get_argv_nomalloc.o(.text) refers (Special) to hrguard.o(.text) for __heap_region$guard
    _get_argv_nomalloc.o(.text) refers to defsig_rtmem_outer.o(.text) for __rt_SIGRTMEM
    _get_argv_nomalloc.o(.text) refers to sys_command.o(.text) for _sys_command_string
    libshutdown.o(.ARM.Collect$$libshutdown$$00000000) refers (Special) to libshutdown2.o(.ARM.Collect$$libshutdown$$00000004) for __rt_lib_shutdown_cpp_1
    libshutdown.o(.ARM.Collect$$libshutdown$$00000000) refers (Special) to libshutdown2.o(.ARM.Collect$$libshutdown$$00000002) for __rt_lib_shutdown_fini_1
    libshutdown.o(.ARM.Collect$$libshutdown$$00000000) refers (Special) to libshutdown2.o(.ARM.Collect$$libshutdown$$00000009) for __rt_lib_shutdown_fp_trap_1
    libshutdown.o(.ARM.Collect$$libshutdown$$00000000) refers (Special) to libshutdown2.o(.ARM.Collect$$libshutdown$$00000011) for __rt_lib_shutdown_heap_1
    libshutdown.o(.ARM.Collect$$libshutdown$$00000000) refers (Special) to libshutdown2.o(.ARM.Collect$$libshutdown$$00000012) for __rt_lib_shutdown_return
    libshutdown.o(.ARM.Collect$$libshutdown$$00000000) refers (Special) to libshutdown2.o(.ARM.Collect$$libshutdown$$0000000C) for __rt_lib_shutdown_signal_1
    libshutdown.o(.ARM.Collect$$libshutdown$$00000000) refers (Special) to libshutdown2.o(.ARM.Collect$$libshutdown$$00000006) for __rt_lib_shutdown_stdio_1
    libshutdown.o(.ARM.Collect$$libshutdown$$00000000) refers (Special) to libshutdown2.o(.ARM.Collect$$libshutdown$$0000000E) for __rt_lib_shutdown_user_alloc_1
    sys_command.o(.text) refers (Special) to use_no_semi.o(.text) for __I$use$semihosting
    sys_command.o(.text) refers (Special) to indicate_semi.o(.text) for __semihosting_library_function
    defsig_rtmem_outer.o(.text) refers to defsig_rtmem_inner.o(.text) for __rt_SIGRTMEM_inner
    defsig_rtmem_outer.o(.text) refers to defsig_exit.o(.text) for __sig_exit
    defsig_rtmem_formal.o(.text) refers to rt_raise.o(.text) for __rt_raise
    rt_raise.o(.text) refers to __raise.o(.text) for __raise
    rt_raise.o(.text) refers to sys_exit.o(.text) for _sys_exit
    defsig_exit.o(.text) refers to sys_exit.o(.text) for _sys_exit
    defsig_rtmem_inner.o(.text) refers to defsig_general.o(.text) for __default_signal_display
    __raise.o(.text) refers to defsig.o(CL$$defsig) for __default_signal_handler
    defsig_general.o(.text) refers to sys_wrch.o(.text) for _ttywrch
    sys_wrch.o(.text) refers (Special) to use_no_semi.o(.text) for __I$use$semihosting
    sys_wrch.o(.text) refers (Special) to indicate_semi.o(.text) for __semihosting_library_function
    defsig.o(CL$$defsig) refers to defsig_rtmem_inner.o(.text) for __rt_SIGRTMEM_inner
    defsig_abrt_inner.o(.text) refers to defsig_general.o(.text) for __default_signal_display
    defsig_fpe_inner.o(.text) refers to defsig_general.o(.text) for __default_signal_display
    defsig_rtred_inner.o(.text) refers to defsig_general.o(.text) for __default_signal_display
    defsig_stak_inner.o(.text) refers to defsig_general.o(.text) for __default_signal_display
    defsig_pvfn_inner.o(.text) refers to defsig_general.o(.text) for __default_signal_display
    defsig_cppl_inner.o(.text) refers to defsig_general.o(.text) for __default_signal_display
    defsig_segv_inner.o(.text) refers to defsig_general.o(.text) for __default_signal_display
    defsig_other.o(.text) refers to defsig_general.o(.text) for __default_signal_display


==============================================================================

Removing Unused input sections from the image.

    Removing dac.o(i.DAC_Init), (60 bytes).
    Removing dac.o(i.DAC_Out), (12 bytes).
    Removing timer0.o(i.Timer0_Init), (96 bytes).
    Removing timer1.o(i.Timer1_Init), (96 bytes).
    Removing print.o(.text), (372 bytes).
    Removing spaceinvaders.o(.rev16_text), (4 bytes).
    Removing spaceinvaders.o(.revsh_text), (4 bytes).
    Removing spaceinvaders.o(.rrx_text), (6 bytes).
    Removing st7735.o(i.ExposeX), (12 bytes).
    Removing st7735.o(i.ExposeY), (12 bytes).
    Removing st7735.o(i.Output_Clear), (10 bytes).
    Removing st7735.o(i.Output_Color), (12 bytes).
    Removing st7735.o(i.Output_Off), (8 bytes).
    Removing st7735.o(i.Output_On), (8 bytes).
    Removing st7735.o(i.ST7735_Color565), (24 bytes).
    Removing st7735.o(i.ST7735_DrawChar), (272 bytes).
    Removing st7735.o(i.ST7735_DrawCircle), (172 bytes).
    Removing st7735.o(i.ST7735_DrawSmallCircle), (172 bytes).
    Removing st7735.o(i.ST7735_InitB), (40 bytes).
    Removing st7735.o(i.ST7735_OutUDec), (140 bytes).
    Removing st7735.o(i.ST7735_PlotBar), (88 bytes).
    Removing st7735.o(i.ST7735_PlotClear), (92 bytes).
    Removing st7735.o(i.ST7735_PlotLine), (264 bytes).
    Removing st7735.o(i.ST7735_PlotNext), (32 bytes).
    Removing st7735.o(i.ST7735_PlotNextErase), (64 bytes).
    Removing st7735.o(i.ST7735_PlotPoint), (152 bytes).
    Removing st7735.o(i.ST7735_PlotPoints), (172 bytes).
    Removing st7735.o(i.ST7735_PlotdBfs), (60 bytes).
    Removing st7735.o(i.ST7735_SetRotation), (212 bytes).
    Removing st7735.o(i.ST7735_SwapColor), (18 bytes).
    Removing st7735.o(i.deselect), (28 bytes).
    Removing st7735.o(i.ferror), (8 bytes).
    Removing st7735.o(i.fgetc), (6 bytes).
    Removing st7735.o(i.fillmessage), (72 bytes).
    Removing st7735.o(i.fputc), (16 bytes).
    Removing st7735.o(.bss), (12 bytes).
    Removing texas.o(i.PeriodicTask2_Stop), (36 bytes).
    Removing texas.o(i.TExaS_Stop), (8 bytes).
    Removing texas.o(i.UART0_InChar), (28 bytes).
    Removing texas.o(i.UART0_Init), (136 bytes).
    Removing texas.o(i.UART0_OutChar), (24 bytes).
    Removing texas.o(i.UART0_OutString), (22 bytes).
    Removing uart.o(.rev16_text), (4 bytes).
    Removing uart.o(.revsh_text), (4 bytes).
    Removing uart.o(.rrx_text), (6 bytes).
    Removing uart.o(i.ClearRXStatus), (12 bytes).
    Removing uart.o(i.RXStatus), (12 bytes).
    Removing uart.o(i.UART_InChar), (28 bytes).
    Removing uart.o(i.UART_InMessage), (22 bytes).
    Removing uart.o(i.UART_OutString), (2 bytes).
    Removing fifo.o(i.Fifo_Get), (68 bytes).

51 unused section(s) (total 3240 bytes) removed from the image.

==============================================================================

Image Symbol Table

    Local Symbols

    Symbol Name                              Value     Ov Type        Size  Object(Section)

    RESET                                    0x00000000   Section      644  startup.o(RESET)
    ../clib/angel/boardlib.s                 0x00000000   Number         0  boardshut.o ABSOLUTE
    ../clib/angel/boardlib.s                 0x00000000   Number         0  boardinit1.o ABSOLUTE
    ../clib/angel/boardlib.s                 0x00000000   Number         0  boardinit2.o ABSOLUTE
    ../clib/angel/boardlib.s                 0x00000000   Number         0  boardinit3.o ABSOLUTE
    ../clib/angel/handlers.s                 0x00000000   Number         0  __scatter_zi.o ABSOLUTE
    ../clib/angel/handlers.s                 0x00000000   Number         0  __scatter_copy.o ABSOLUTE
    ../clib/angel/kernel.s                   0x00000000   Number         0  __rtentry4.o ABSOLUTE
    ../clib/angel/kernel.s                   0x00000000   Number         0  __rtentry.o ABSOLUTE
    ../clib/angel/kernel.s                   0x00000000   Number         0  __rtentry2.o ABSOLUTE
    ../clib/angel/kernel.s                   0x00000000   Number         0  rtexit2.o ABSOLUTE
    ../clib/angel/kernel.s                   0x00000000   Number         0  rtexit.o ABSOLUTE
    ../clib/angel/rt.s                       0x00000000   Number         0  rt_raise.o ABSOLUTE
    ../clib/angel/scatter.s                  0x00000000   Number         0  __scatter.o ABSOLUTE
    ../clib/angel/startup.s                  0x00000000   Number         0  __main.o ABSOLUTE
    ../clib/angel/sys.s                      0x00000000   Number         0  indicate_semi.o ABSOLUTE
    ../clib/angel/sys.s                      0x00000000   Number         0  use_no_semi.o ABSOLUTE
    ../clib/angel/sys.s                      0x00000000   Number         0  sys_stackheap_outer.o ABSOLUTE
    ../clib/angel/sys.s                      0x00000000   Number         0  libspace.o ABSOLUTE
    ../clib/angel/sysapp.c                   0x00000000   Number         0  sys_wrch.o ABSOLUTE
    ../clib/angel/sysapp.c                   0x00000000   Number         0  sys_exit.o ABSOLUTE
    ../clib/angel/sysapp.c                   0x00000000   Number         0  sys_command.o ABSOLUTE
    ../clib/armsys.c                         0x00000000   Number         0  argv_veneer.o ABSOLUTE
    ../clib/armsys.c                         0x00000000   Number         0  _get_argv_nomalloc.o ABSOLUTE
    ../clib/armsys.c                         0x00000000   Number         0  no_argv.o ABSOLUTE
    ../clib/armsys.c                         0x00000000   Number         0  argv_veneer.o ABSOLUTE
    ../clib/heapalloc.c                      0x00000000   Number         0  hrguard.o ABSOLUTE
    ../clib/heapaux.c                        0x00000000   Number         0  heapauxi.o ABSOLUTE
    ../clib/libinit.s                        0x00000000   Number         0  libshutdown2.o ABSOLUTE
    ../clib/libinit.s                        0x00000000   Number         0  libinit.o ABSOLUTE
    ../clib/libinit.s                        0x00000000   Number         0  libinit2.o ABSOLUTE
    ../clib/libinit.s                        0x00000000   Number         0  libshutdown.o ABSOLUTE
    ../clib/signal.c                         0x00000000   Number         0  defsig_rtmem_formal.o ABSOLUTE
    ../clib/signal.c                         0x00000000   Number         0  defsig_segv_inner.o ABSOLUTE
    ../clib/signal.c                         0x00000000   Number         0  defsig_general.o ABSOLUTE
    ../clib/signal.c                         0x00000000   Number         0  __raise.o ABSOLUTE
    ../clib/signal.c                         0x00000000   Number         0  defsig_cppl_inner.o ABSOLUTE
    ../clib/signal.c                         0x00000000   Number         0  defsig_rtmem_inner.o ABSOLUTE
    ../clib/signal.c                         0x00000000   Number         0  defsig_exit.o ABSOLUTE
    ../clib/signal.c                         0x00000000   Number         0  defsig_stak_inner.o ABSOLUTE
    ../clib/signal.c                         0x00000000   Number         0  defsig_abrt_inner.o ABSOLUTE
    ../clib/signal.c                         0x00000000   Number         0  defsig_rtred_inner.o ABSOLUTE
    ../clib/signal.c                         0x00000000   Number         0  defsig_fpe_inner.o ABSOLUTE
    ../clib/signal.c                         0x00000000   Number         0  defsig_other.o ABSOLUTE
    ../clib/signal.c                         0x00000000   Number         0  defsig_pvfn_inner.o ABSOLUTE
    ../clib/signal.c                         0x00000000   Number         0  defsig_rtmem_outer.o ABSOLUTE
    ../clib/signal.s                         0x00000000   Number         0  defsig.o ABSOLUTE
    ../clib/stdlib.c                         0x00000000   Number         0  exit.o ABSOLUTE
    ../fplib/fpinit.s                        0x00000000   Number         0  fpinit.o ABSOLUTE
    ADC.c                                    0x00000000   Number         0  adc.o ABSOLUTE
    DAC.c                                    0x00000000   Number         0  dac.o ABSOLUTE
    Fifo.c                                   0x00000000   Number         0  fifo.o ABSOLUTE
    LCD.s                                    0x00000000   Number         0  lcd.o ABSOLUTE
    PLL.c                                    0x00000000   Number         0  pll.o ABSOLUTE
    Print.s                                  0x00000000   Number         0  print.o ABSOLUTE
    ST7735.c                                 0x00000000   Number         0  st7735.o ABSOLUTE
    SpaceInvaders.c                          0x00000000   Number         0  spaceinvaders.o ABSOLUTE
    SpaceInvaders.c                          0x00000000   Number         0  spaceinvaders.o ABSOLUTE
    TExaS.c                                  0x00000000   Number         0  texas.o ABSOLUTE
    Timer0.c                                 0x00000000   Number         0  timer0.o ABSOLUTE
    Timer1.c                                 0x00000000   Number         0  timer1.o ABSOLUTE
    Uart.c                                   0x00000000   Number         0  uart.o ABSOLUTE
    Uart.c                                   0x00000000   Number         0  uart.o ABSOLUTE
    dc.s                                     0x00000000   Number         0  dc.o ABSOLUTE
    random.s                                 0x00000000   Number         0  random.o ABSOLUTE
    startup.s                                0x00000000   Number         0  startup.o ABSOLUTE
    !!!main                                  0x00000284   Section        8  __main.o(!!!main)
    !!!scatter                               0x0000028c   Section       52  __scatter.o(!!!scatter)
    !!handler_copy                           0x000002c0   Section       26  __scatter_copy.o(!!handler_copy)
    !!handler_zi                             0x000002dc   Section       28  __scatter_zi.o(!!handler_zi)
    .ARM.Collect$$libinit$$00000000          0x000002f8   Section        2  libinit.o(.ARM.Collect$$libinit$$00000000)
    .ARM.Collect$$libinit$$00000002          0x000002fa   Section        0  libinit2.o(.ARM.Collect$$libinit$$00000002)
    .ARM.Collect$$libinit$$00000004          0x000002fa   Section        0  libinit2.o(.ARM.Collect$$libinit$$00000004)
    .ARM.Collect$$libinit$$0000000A          0x000002fa   Section        0  libinit2.o(.ARM.Collect$$libinit$$0000000A)
    .ARM.Collect$$libinit$$0000000C          0x000002fa   Section        0  libinit2.o(.ARM.Collect$$libinit$$0000000C)
    .ARM.Collect$$libinit$$0000000E          0x000002fa   Section        0  libinit2.o(.ARM.Collect$$libinit$$0000000E)
    .ARM.Collect$$libinit$$00000011          0x000002fa   Section        0  libinit2.o(.ARM.Collect$$libinit$$00000011)
    .ARM.Collect$$libinit$$00000013          0x000002fa   Section        0  libinit2.o(.ARM.Collect$$libinit$$00000013)
    .ARM.Collect$$libinit$$00000015          0x000002fa   Section        0  libinit2.o(.ARM.Collect$$libinit$$00000015)
    .ARM.Collect$$libinit$$00000017          0x000002fa   Section        0  libinit2.o(.ARM.Collect$$libinit$$00000017)
    .ARM.Collect$$libinit$$00000019          0x000002fa   Section        0  libinit2.o(.ARM.Collect$$libinit$$00000019)
    .ARM.Collect$$libinit$$0000001B          0x000002fa   Section        0  libinit2.o(.ARM.Collect$$libinit$$0000001B)
    .ARM.Collect$$libinit$$0000001D          0x000002fa   Section        0  libinit2.o(.ARM.Collect$$libinit$$0000001D)
    .ARM.Collect$$libinit$$0000001F          0x000002fa   Section        0  libinit2.o(.ARM.Collect$$libinit$$0000001F)
    .ARM.Collect$$libinit$$00000021          0x000002fa   Section        0  libinit2.o(.ARM.Collect$$libinit$$00000021)
    .ARM.Collect$$libinit$$00000023          0x000002fa   Section        0  libinit2.o(.ARM.Collect$$libinit$$00000023)
    .ARM.Collect$$libinit$$00000025          0x000002fa   Section        0  libinit2.o(.ARM.Collect$$libinit$$00000025)
    .ARM.Collect$$libinit$$0000002C          0x000002fa   Section        0  libinit2.o(.ARM.Collect$$libinit$$0000002C)
    .ARM.Collect$$libinit$$0000002E          0x000002fa   Section        0  libinit2.o(.ARM.Collect$$libinit$$0000002E)
    .ARM.Collect$$libinit$$00000030          0x000002fa   Section        0  libinit2.o(.ARM.Collect$$libinit$$00000030)
    .ARM.Collect$$libinit$$00000032          0x000002fa   Section        0  libinit2.o(.ARM.Collect$$libinit$$00000032)
    .ARM.Collect$$libinit$$00000033          0x000002fa   Section        2  libinit2.o(.ARM.Collect$$libinit$$00000033)
    .ARM.Collect$$libshutdown$$00000000      0x000002fc   Section        2  libshutdown.o(.ARM.Collect$$libshutdown$$00000000)
    .ARM.Collect$$libshutdown$$00000002      0x000002fe   Section        0  libshutdown2.o(.ARM.Collect$$libshutdown$$00000002)
    .ARM.Collect$$libshutdown$$00000004      0x000002fe   Section        0  libshutdown2.o(.ARM.Collect$$libshutdown$$00000004)
    .ARM.Collect$$libshutdown$$00000006      0x000002fe   Section        0  libshutdown2.o(.ARM.Collect$$libshutdown$$00000006)
    .ARM.Collect$$libshutdown$$00000009      0x000002fe   Section        0  libshutdown2.o(.ARM.Collect$$libshutdown$$00000009)
    .ARM.Collect$$libshutdown$$0000000C      0x000002fe   Section        0  libshutdown2.o(.ARM.Collect$$libshutdown$$0000000C)
    .ARM.Collect$$libshutdown$$0000000E      0x000002fe   Section        0  libshutdown2.o(.ARM.Collect$$libshutdown$$0000000E)
    .ARM.Collect$$libshutdown$$00000011      0x000002fe   Section        0  libshutdown2.o(.ARM.Collect$$libshutdown$$00000011)
    .ARM.Collect$$libshutdown$$00000012      0x000002fe   Section        2  libshutdown2.o(.ARM.Collect$$libshutdown$$00000012)
    .ARM.Collect$$rtentry$$00000000          0x00000300   Section        0  __rtentry.o(.ARM.Collect$$rtentry$$00000000)
    .ARM.Collect$$rtentry$$00000002          0x00000300   Section        0  __rtentry2.o(.ARM.Collect$$rtentry$$00000002)
    .ARM.Collect$$rtentry$$00000004          0x00000300   Section        6  __rtentry4.o(.ARM.Collect$$rtentry$$00000004)
    .ARM.Collect$$rtentry$$00000009          0x00000306   Section        0  __rtentry2.o(.ARM.Collect$$rtentry$$00000009)
    .ARM.Collect$$rtentry$$0000000A          0x00000306   Section        4  __rtentry2.o(.ARM.Collect$$rtentry$$0000000A)
    .ARM.Collect$$rtentry$$0000000C          0x0000030a   Section        0  __rtentry2.o(.ARM.Collect$$rtentry$$0000000C)
    .ARM.Collect$$rtentry$$0000000D          0x0000030a   Section        8  __rtentry2.o(.ARM.Collect$$rtentry$$0000000D)
    .ARM.Collect$$rtexit$$00000000           0x00000312   Section        2  rtexit.o(.ARM.Collect$$rtexit$$00000000)
    .ARM.Collect$$rtexit$$00000002           0x00000314   Section        0  rtexit2.o(.ARM.Collect$$rtexit$$00000002)
    .ARM.Collect$$rtexit$$00000003           0x00000314   Section        4  rtexit2.o(.ARM.Collect$$rtexit$$00000003)
    .ARM.Collect$$rtexit$$00000004           0x00000318   Section        6  rtexit2.o(.ARM.Collect$$rtexit$$00000004)
    .text                                    0x00000320   Section       48  startup.o(.text)
    .text                                    0x00000350   Section       64  random.o(.text)
    .text                                    0x00000390   Section       84  lcd.o(.text)
    .text                                    0x000003e4   Section        0  heapauxi.o(.text)
    .text                                    0x000003ea   Section       74  sys_stackheap_outer.o(.text)
    .text                                    0x00000434   Section        0  exit.o(.text)
    .text                                    0x00000448   Section        8  libspace.o(.text)
    .text                                    0x00000450   Section        0  sys_exit.o(.text)
    .text                                    0x0000045c   Section        2  use_no_semi.o(.text)
    .text                                    0x0000045e   Section        0  indicate_semi.o(.text)
    i.ADC1_Init                              0x00000460   Section        0  texas.o(i.ADC1_Init)
    i.ADC_In                                 0x00000528   Section        0  adc.o(i.ADC_In)
    i.ADC_Init                               0x00000554   Section        0  adc.o(i.ADC_Init)
    i.ConvertADC                             0x00000634   Section        0  spaceinvaders.o(i.ConvertADC)
    i.Delay1ms                               0x00000690   Section        0  st7735.o(i.Delay1ms)
    i.DrawLetterOutline                      0x000006b0   Section        0  spaceinvaders.o(i.DrawLetterOutline)
    i.Fifo_Init                              0x000007b8   Section        0  fifo.o(i.Fifo_Init)
    i.Fifo_Put                               0x000007cc   Section        0  fifo.o(i.Fifo_Put)
    i.GPIOPortE_Handler                      0x00000818   Section        0  spaceinvaders.o(i.GPIOPortE_Handler)
    i.LogicAnalyzerA                         0x00000898   Section        0  texas.o(i.LogicAnalyzerA)
    i.LogicAnalyzerB                         0x000008b0   Section        0  texas.o(i.LogicAnalyzerB)
    i.LogicAnalyzerC                         0x000008c8   Section        0  texas.o(i.LogicAnalyzerC)
    i.LogicAnalyzerE                         0x000008e0   Section        0  texas.o(i.LogicAnalyzerE)
    i.LogicAnalyzerF                         0x000008f8   Section        0  texas.o(i.LogicAnalyzerF)
    i.Output_Init                            0x00000910   Section        0  st7735.o(i.Output_Init)
    i.PLL_Init                               0x00000920   Section        0  pll.o(i.PLL_Init)
    i.PeriodicTask2_Init                     0x0000099c   Section        0  texas.o(i.PeriodicTask2_Init)
    i.ST7735_DrawBitmap                      0x00000a30   Section        0  st7735.o(i.ST7735_DrawBitmap)
    i.ST7735_DrawCharS                       0x00000b3c   Section        0  st7735.o(i.ST7735_DrawCharS)
    i.ST7735_DrawFastHLine                   0x00000c34   Section        0  st7735.o(i.ST7735_DrawFastHLine)
    i.ST7735_DrawFastVLine                   0x00000cb0   Section        0  st7735.o(i.ST7735_DrawFastVLine)
    i.ST7735_DrawPixel                       0x00000d2c   Section        0  st7735.o(i.ST7735_DrawPixel)
    i.ST7735_DrawString                      0x00000d74   Section        0  st7735.o(i.ST7735_DrawString)
    i.ST7735_FillRect                        0x00000dc8   Section        0  st7735.o(i.ST7735_FillRect)
    i.ST7735_FillScreen                      0x00000e74   Section        0  st7735.o(i.ST7735_FillScreen)
    i.ST7735_InitR                           0x00000e98   Section        0  st7735.o(i.ST7735_InitR)
    i.ST7735_InvertDisplay                   0x00000f14   Section        0  st7735.o(i.ST7735_InvertDisplay)
    i.ST7735_OutChar                         0x00000f2c   Section        0  st7735.o(i.ST7735_OutChar)
    i.ST7735_OutString                       0x00001000   Section        0  st7735.o(i.ST7735_OutString)
    i.ST7735_SetCursor                       0x00001018   Section        0  st7735.o(i.ST7735_SetCursor)
    i.ST7735_SetTextColor                    0x00001038   Section        0  st7735.o(i.ST7735_SetTextColor)
    i.Scope                                  0x00001044   Section        0  texas.o(i.Scope)
    i.StringLen                              0x00001058   Section        0  spaceinvaders.o(i.StringLen)
    i.SysTick_Handler                        0x0000106c   Section        0  spaceinvaders.o(i.SysTick_Handler)
    i.SysTick_Init                           0x00001084   Section        0  spaceinvaders.o(i.SysTick_Init)
    i.SysTick_Wait                           0x000010a0   Section        0  spaceinvaders.o(i.SysTick_Wait)
    i.TExaS_Init                             0x000010c0   Section        0  texas.o(i.TExaS_Init)
    i.Timer1A_Handler                        0x000011b4   Section        0  spaceinvaders.o(i.Timer1A_Handler)
    i.Timer5A_Handler                        0x000011c0   Section        0  texas.o(i.Timer5A_Handler)
    i.UART1_Handler                          0x000011d8   Section        0  uart.o(i.UART1_Handler)
    i.UART_Init                              0x00001218   Section        0  uart.o(i.UART_Init)
    i.UART_OutChar                           0x000012f4   Section        0  uart.o(i.UART_OutChar)
    i.commandList                            0x0000130c   Section        0  st7735.o(i.commandList)
    commandList                              0x0000130d   Thumb Code    86  st7735.o(i.commandList)
    i.commonInit                             0x00001364   Section        0  st7735.o(i.commonInit)
    commonInit                               0x00001365   Thumb Code   342  st7735.o(i.commonInit)
    i.main                                   0x000014ec   Section        0  spaceinvaders.o(i.main)
    i.pushColor                              0x000016a8   Section        0  st7735.o(i.pushColor)
    pushColor                                0x000016a9   Thumb Code    18  st7735.o(i.pushColor)
    i.setAddrWindow                          0x000016bc   Section        0  st7735.o(i.setAddrWindow)
    setAddrWindow                            0x000016bd   Thumb Code   106  st7735.o(i.setAddrWindow)
    .constdata                               0x00001730   Section    40992  spaceinvaders.o(.constdata)
    .constdata                               0x0000b750   Section     2114  st7735.o(.constdata)
    Font                                     0x0000b750   Data        1275  st7735.o(.constdata)
    Bcmd                                     0x0000bc4b   Data         103  st7735.o(.constdata)
    Rcmd1                                    0x0000bcb2   Data          59  st7735.o(.constdata)
    Rcmd2green                               0x0000bced   Data          13  st7735.o(.constdata)
    Rcmd2red                                 0x0000bcfa   Data          13  st7735.o(.constdata)
    Rcmd3                                    0x0000bd07   Data          43  st7735.o(.constdata)
    .data                                    0x20000000   Section       33  spaceinvaders.o(.data)
    .data                                    0x20000024   Section       44  st7735.o(.data)
    ColStart                                 0x2000002e   Data           1  st7735.o(.data)
    RowStart                                 0x2000002f   Data           1  st7735.o(.data)
    Rotation                                 0x20000030   Data           1  st7735.o(.data)
    TabColor                                 0x20000031   Data           1  st7735.o(.data)
    _width                                   0x20000032   Data           2  st7735.o(.data)
    _height                                  0x20000034   Data           2  st7735.o(.data)
    .data                                    0x20000050   Section        4  texas.o(.data)
    .data                                    0x20000054   Section        4  uart.o(.data)
    .data                                    0x20000058   Section        8  fifo.o(.data)
    PutI                                     0x20000058   Data           4  fifo.o(.data)
    GetI                                     0x2000005c   Data           4  fifo.o(.data)
    DATA                                     0x20000060   Section        4  random.o(DATA)
    M                                        0x20000060   Data           4  random.o(DATA)
    .bss                                     0x20000064   Section       36  fifo.o(.bss)
    .bss                                     0x20000088   Section       96  libspace.o(.bss)
    HEAP                                     0x200000e8   Section        0  startup.o(HEAP)
    STACK                                    0x200000e8   Section     1024  startup.o(STACK)
    HeapMem                                  0x200000e8   Data           0  startup.o(HEAP)
    StackMem                                 0x200000e8   Data           0  startup.o(STACK)

    Global Symbols

    Symbol Name                              Value     Ov Type        Size  Object(Section)

    BuildAttributes$$THM_ISAv4$E$P$D$K$B$S$7EM$PE$A:L22UL41UL21$X:L11$S22US41US21$IEEE1$IW$USESV6$~STKCKD$USESV7$~SHL$OSPACE$ROPI$EBA8$UX$STANDARDLIB$REQ8$PRES8$EABIv2 0x00000000   Number         0  anon$$obj.o ABSOLUTE
    __ARM_use_no_argv                        0x00000000   Number         0  spaceinvaders.o ABSOLUTE
    __Vectors                                0x00000000   Data           0  startup.o(RESET)
    __ARM_exceptions_init                     - Undefined Weak Reference
    __alloca_initialize                       - Undefined Weak Reference
    __arm_fini_                               - Undefined Weak Reference
    __arm_preinit_                            - Undefined Weak Reference
    __cpp_initialize__aeabi_                  - Undefined Weak Reference
    __cxa_finalize                            - Undefined Weak Reference
    __rt_locale                               - Undefined Weak Reference
    __sigvec_lookup                           - Undefined Weak Reference
    _atexit_init                              - Undefined Weak Reference
    _call_atexit_fns                          - Undefined Weak Reference
    _clock_init                               - Undefined Weak Reference
    _fp_trap_init                             - Undefined Weak Reference
    _fp_trap_shutdown                         - Undefined Weak Reference
    _get_lc_collate                           - Undefined Weak Reference
    _get_lc_ctype                             - Undefined Weak Reference
    _get_lc_monetary                          - Undefined Weak Reference
    _get_lc_numeric                           - Undefined Weak Reference
    _get_lc_time                              - Undefined Weak Reference
    _getenv_init                              - Undefined Weak Reference
    _handle_redirection                       - Undefined Weak Reference
    _init_alloc                               - Undefined Weak Reference
    _init_user_alloc                          - Undefined Weak Reference
    _initio                                   - Undefined Weak Reference
    _rand_init                                - Undefined Weak Reference
    _signal_finish                            - Undefined Weak Reference
    _signal_init                              - Undefined Weak Reference
    _terminate_alloc                          - Undefined Weak Reference
    _terminate_user_alloc                     - Undefined Weak Reference
    _terminateio                              - Undefined Weak Reference
    Reset_Handler                            0x0000026d   Thumb Code     0  startup.o(RESET)
    NMI_Handler                              0x00000271   Thumb Code     2  startup.o(RESET)
    HardFault_Handler                        0x00000273   Thumb Code     2  startup.o(RESET)
    MemManage_Handler                        0x00000275   Thumb Code     2  startup.o(RESET)
    BusFault_Handler                         0x00000277   Thumb Code     2  startup.o(RESET)
    UsageFault_Handler                       0x00000279   Thumb Code     2  startup.o(RESET)
    SVC_Handler                              0x0000027b   Thumb Code     2  startup.o(RESET)
    DebugMon_Handler                         0x0000027d   Thumb Code     2  startup.o(RESET)
    PendSV_Handler                           0x0000027f   Thumb Code     2  startup.o(RESET)
    ADC0Seq0_Handler                         0x00000283   Thumb Code     0  startup.o(RESET)
    ADC0Seq1_Handler                         0x00000283   Thumb Code     0  startup.o(RESET)
    ADC0Seq2_Handler                         0x00000283   Thumb Code     0  startup.o(RESET)
    ADC0Seq3_Handler                         0x00000283   Thumb Code     0  startup.o(RESET)
    ADC1Seq0_Handler                         0x00000283   Thumb Code     0  startup.o(RESET)
    ADC1Seq1_Handler                         0x00000283   Thumb Code     0  startup.o(RESET)
    ADC1Seq2_Handler                         0x00000283   Thumb Code     0  startup.o(RESET)
    ADC1Seq3_Handler                         0x00000283   Thumb Code     0  startup.o(RESET)
    CAN0_Handler                             0x00000283   Thumb Code     0  startup.o(RESET)
    CAN1_Handler                             0x00000283   Thumb Code     0  startup.o(RESET)
    CAN2_Handler                             0x00000283   Thumb Code     0  startup.o(RESET)
    Comp0_Handler                            0x00000283   Thumb Code     0  startup.o(RESET)
    Comp1_Handler                            0x00000283   Thumb Code     0  startup.o(RESET)
    Comp2_Handler                            0x00000283   Thumb Code     0  startup.o(RESET)
    Ethernet_Handler                         0x00000283   Thumb Code     0  startup.o(RESET)
    ExtBus_Handler                           0x00000283   Thumb Code     0  startup.o(RESET)
    FPU_Handler                              0x00000283   Thumb Code     0  startup.o(RESET)
    Fan0_Handler                             0x00000283   Thumb Code     0  startup.o(RESET)
    FlashCtl_Handler                         0x00000283   Thumb Code     0  startup.o(RESET)
    GPIOPortA_Handler                        0x00000283   Thumb Code     0  startup.o(RESET)
    GPIOPortB_Handler                        0x00000283   Thumb Code     0  startup.o(RESET)
    GPIOPortC_Handler                        0x00000283   Thumb Code     0  startup.o(RESET)
    GPIOPortD_Handler                        0x00000283   Thumb Code     0  startup.o(RESET)
    GPIOPortF_Handler                        0x00000283   Thumb Code     0  startup.o(RESET)
    GPIOPortG_Handler                        0x00000283   Thumb Code     0  startup.o(RESET)
    GPIOPortH_Handler                        0x00000283   Thumb Code     0  startup.o(RESET)
    GPIOPortJ_Handler                        0x00000283   Thumb Code     0  startup.o(RESET)
    GPIOPortK_Handler                        0x00000283   Thumb Code     0  startup.o(RESET)
    GPIOPortL_Handler                        0x00000283   Thumb Code     0  startup.o(RESET)
    GPIOPortM_Handler                        0x00000283   Thumb Code     0  startup.o(RESET)
    GPIOPortN_Handler                        0x00000283   Thumb Code     0  startup.o(RESET)
    GPIOPortP1_Handler                       0x00000283   Thumb Code     0  startup.o(RESET)
    GPIOPortP2_Handler                       0x00000283   Thumb Code     0  startup.o(RESET)
    GPIOPortP3_Handler                       0x00000283   Thumb Code     0  startup.o(RESET)
    GPIOPortP4_Handler                       0x00000283   Thumb Code     0  startup.o(RESET)
    GPIOPortP5_Handler                       0x00000283   Thumb Code     0  startup.o(RESET)
    GPIOPortP6_Handler                       0x00000283   Thumb Code     0  startup.o(RESET)
    GPIOPortP7_Handler                       0x00000283   Thumb Code     0  startup.o(RESET)
    GPIOPortP_Handler                        0x00000283   Thumb Code     0  startup.o(RESET)
    GPIOPortQ1_Handler                       0x00000283   Thumb Code     0  startup.o(RESET)
    GPIOPortQ2_Handler                       0x00000283   Thumb Code     0  startup.o(RESET)
    GPIOPortQ3_Handler                       0x00000283   Thumb Code     0  startup.o(RESET)
    GPIOPortQ4_Handler                       0x00000283   Thumb Code     0  startup.o(RESET)
    GPIOPortQ5_Handler                       0x00000283   Thumb Code     0  startup.o(RESET)
    GPIOPortQ6_Handler                       0x00000283   Thumb Code     0  startup.o(RESET)
    GPIOPortQ7_Handler                       0x00000283   Thumb Code     0  startup.o(RESET)
    GPIOPortQ_Handler                        0x00000283   Thumb Code     0  startup.o(RESET)
    GPIOPortR_Handler                        0x00000283   Thumb Code     0  startup.o(RESET)
    GPIOPortS_Handler                        0x00000283   Thumb Code     0  startup.o(RESET)
    Hibernate_Handler                        0x00000283   Thumb Code     0  startup.o(RESET)
    I2C0_Handler                             0x00000283   Thumb Code     0  startup.o(RESET)
    I2C1_Handler                             0x00000283   Thumb Code     0  startup.o(RESET)
    I2C2_Handler                             0x00000283   Thumb Code     0  startup.o(RESET)
    I2C3_Handler                             0x00000283   Thumb Code     0  startup.o(RESET)
    I2C4_Handler                             0x00000283   Thumb Code     0  startup.o(RESET)
    I2C5_Handler                             0x00000283   Thumb Code     0  startup.o(RESET)
    I2S0_Handler                             0x00000283   Thumb Code     0  startup.o(RESET)
    LPC0_Handler                             0x00000283   Thumb Code     0  startup.o(RESET)
    PECI0_Handler                            0x00000283   Thumb Code     0  startup.o(RESET)
    PWM0Fault_Handler                        0x00000283   Thumb Code     0  startup.o(RESET)
    PWM0Generator0_Handler                   0x00000283   Thumb Code     0  startup.o(RESET)
    PWM0Generator1_Handler                   0x00000283   Thumb Code     0  startup.o(RESET)
    PWM0Generator2_Handler                   0x00000283   Thumb Code     0  startup.o(RESET)
    PWM0Generator3_Handler                   0x00000283   Thumb Code     0  startup.o(RESET)
    PWM1Fault_Handler                        0x00000283   Thumb Code     0  startup.o(RESET)
    PWM1Generator0_Handler                   0x00000283   Thumb Code     0  startup.o(RESET)
    PWM1Generator1_Handler                   0x00000283   Thumb Code     0  startup.o(RESET)
    PWM1Generator2_Handler                   0x00000283   Thumb Code     0  startup.o(RESET)
    PWM1Generator3_Handler                   0x00000283   Thumb Code     0  startup.o(RESET)
    Quadrature0_Handler                      0x00000283   Thumb Code     0  startup.o(RESET)
    Quadrature1_Handler                      0x00000283   Thumb Code     0  startup.o(RESET)
    Quadrature2_Handler                      0x00000283   Thumb Code     0  startup.o(RESET)
    SSI0_Handler                             0x00000283   Thumb Code     0  startup.o(RESET)
    SSI1_Handler                             0x00000283   Thumb Code     0  startup.o(RESET)
    SSI2_Handler                             0x00000283   Thumb Code     0  startup.o(RESET)
    SSI3_Handler                             0x00000283   Thumb Code     0  startup.o(RESET)
    SysCtl_Handler                           0x00000283   Thumb Code     0  startup.o(RESET)
    Timer0A_Handler                          0x00000283   Thumb Code     0  startup.o(RESET)
    Timer0B_Handler                          0x00000283   Thumb Code     0  startup.o(RESET)
    Timer1B_Handler                          0x00000283   Thumb Code     0  startup.o(RESET)
    Timer2A_Handler                          0x00000283   Thumb Code     0  startup.o(RESET)
    Timer2B_Handler                          0x00000283   Thumb Code     0  startup.o(RESET)
    Timer3A_Handler                          0x00000283   Thumb Code     0  startup.o(RESET)
    Timer3B_Handler                          0x00000283   Thumb Code     0  startup.o(RESET)
    Timer4A_Handler                          0x00000283   Thumb Code     0  startup.o(RESET)
    Timer4B_Handler                          0x00000283   Thumb Code     0  startup.o(RESET)
    Timer5B_Handler                          0x00000283   Thumb Code     0  startup.o(RESET)
    UART0_Handler                            0x00000283   Thumb Code     0  startup.o(RESET)
    UART2_Handler                            0x00000283   Thumb Code     0  startup.o(RESET)
    UART3_Handler                            0x00000283   Thumb Code     0  startup.o(RESET)
    UART4_Handler                            0x00000283   Thumb Code     0  startup.o(RESET)
    UART5_Handler                            0x00000283   Thumb Code     0  startup.o(RESET)
    UART6_Handler                            0x00000283   Thumb Code     0  startup.o(RESET)
    UART7_Handler                            0x00000283   Thumb Code     0  startup.o(RESET)
    USB0_Handler                             0x00000283   Thumb Code     0  startup.o(RESET)
    WDT_Handler                              0x00000283   Thumb Code     0  startup.o(RESET)
    WideTimer0A_Handler                      0x00000283   Thumb Code     0  startup.o(RESET)
    WideTimer0B_Handler                      0x00000283   Thumb Code     0  startup.o(RESET)
    WideTimer1A_Handler                      0x00000283   Thumb Code     0  startup.o(RESET)
    WideTimer1B_Handler                      0x00000283   Thumb Code     0  startup.o(RESET)
    WideTimer2A_Handler                      0x00000283   Thumb Code     0  startup.o(RESET)
    WideTimer2B_Handler                      0x00000283   Thumb Code     0  startup.o(RESET)
    WideTimer3A_Handler                      0x00000283   Thumb Code     0  startup.o(RESET)
    WideTimer3B_Handler                      0x00000283   Thumb Code     0  startup.o(RESET)
    WideTimer4A_Handler                      0x00000283   Thumb Code     0  startup.o(RESET)
    WideTimer4B_Handler                      0x00000283   Thumb Code     0  startup.o(RESET)
    WideTimer5A_Handler                      0x00000283   Thumb Code     0  startup.o(RESET)
    WideTimer5B_Handler                      0x00000283   Thumb Code     0  startup.o(RESET)
    uDMA_Error                               0x00000283   Thumb Code     0  startup.o(RESET)
    uDMA_Handler                             0x00000283   Thumb Code     0  startup.o(RESET)
    __main                                   0x00000285   Thumb Code     8  __main.o(!!!main)
    __scatterload                            0x0000028d   Thumb Code     0  __scatter.o(!!!scatter)
    __scatterload_rt2                        0x0000028d   Thumb Code    44  __scatter.o(!!!scatter)
    __scatterload_rt2_thumb_only             0x0000028d   Thumb Code     0  __scatter.o(!!!scatter)
    __scatterload_null                       0x0000029b   Thumb Code     0  __scatter.o(!!!scatter)
    __scatterload_copy                       0x000002c1   Thumb Code    26  __scatter_copy.o(!!handler_copy)
    __scatterload_zeroinit                   0x000002dd   Thumb Code    28  __scatter_zi.o(!!handler_zi)
    __rt_lib_init                            0x000002f9   Thumb Code     0  libinit.o(.ARM.Collect$$libinit$$00000000)
    __rt_lib_init_alloca_1                   0x000002fb   Thumb Code     0  libinit2.o(.ARM.Collect$$libinit$$0000002E)
    __rt_lib_init_argv_1                     0x000002fb   Thumb Code     0  libinit2.o(.ARM.Collect$$libinit$$0000002C)
    __rt_lib_init_atexit_1                   0x000002fb   Thumb Code     0  libinit2.o(.ARM.Collect$$libinit$$0000001B)
    __rt_lib_init_clock_1                    0x000002fb   Thumb Code     0  libinit2.o(.ARM.Collect$$libinit$$00000021)
    __rt_lib_init_cpp_1                      0x000002fb   Thumb Code     0  libinit2.o(.ARM.Collect$$libinit$$00000032)
    __rt_lib_init_exceptions_1               0x000002fb   Thumb Code     0  libinit2.o(.ARM.Collect$$libinit$$00000030)
    __rt_lib_init_fp_1                       0x000002fb   Thumb Code     0  libinit2.o(.ARM.Collect$$libinit$$00000002)
    __rt_lib_init_fp_trap_1                  0x000002fb   Thumb Code     0  libinit2.o(.ARM.Collect$$libinit$$0000001F)
    __rt_lib_init_getenv_1                   0x000002fb   Thumb Code     0  libinit2.o(.ARM.Collect$$libinit$$00000023)
    __rt_lib_init_heap_1                     0x000002fb   Thumb Code     0  libinit2.o(.ARM.Collect$$libinit$$0000000A)
    __rt_lib_init_lc_collate_1               0x000002fb   Thumb Code     0  libinit2.o(.ARM.Collect$$libinit$$00000011)
    __rt_lib_init_lc_ctype_1                 0x000002fb   Thumb Code     0  libinit2.o(.ARM.Collect$$libinit$$00000013)
    __rt_lib_init_lc_monetary_1              0x000002fb   Thumb Code     0  libinit2.o(.ARM.Collect$$libinit$$00000015)
    __rt_lib_init_lc_numeric_1               0x000002fb   Thumb Code     0  libinit2.o(.ARM.Collect$$libinit$$00000017)
    __rt_lib_init_lc_time_1                  0x000002fb   Thumb Code     0  libinit2.o(.ARM.Collect$$libinit$$00000019)
    __rt_lib_init_preinit_1                  0x000002fb   Thumb Code     0  libinit2.o(.ARM.Collect$$libinit$$00000004)
    __rt_lib_init_rand_1                     0x000002fb   Thumb Code     0  libinit2.o(.ARM.Collect$$libinit$$0000000E)
    __rt_lib_init_return                     0x000002fb   Thumb Code     0  libinit2.o(.ARM.Collect$$libinit$$00000033)
    __rt_lib_init_signal_1                   0x000002fb   Thumb Code     0  libinit2.o(.ARM.Collect$$libinit$$0000001D)
    __rt_lib_init_stdio_1                    0x000002fb   Thumb Code     0  libinit2.o(.ARM.Collect$$libinit$$00000025)
    __rt_lib_init_user_alloc_1               0x000002fb   Thumb Code     0  libinit2.o(.ARM.Collect$$libinit$$0000000C)
    __rt_lib_shutdown                        0x000002fd   Thumb Code     0  libshutdown.o(.ARM.Collect$$libshutdown$$00000000)
    __rt_lib_shutdown_cpp_1                  0x000002ff   Thumb Code     0  libshutdown2.o(.ARM.Collect$$libshutdown$$00000004)
    __rt_lib_shutdown_fini_1                 0x000002ff   Thumb Code     0  libshutdown2.o(.ARM.Collect$$libshutdown$$00000002)
    __rt_lib_shutdown_fp_trap_1              0x000002ff   Thumb Code     0  libshutdown2.o(.ARM.Collect$$libshutdown$$00000009)
    __rt_lib_shutdown_heap_1                 0x000002ff   Thumb Code     0  libshutdown2.o(.ARM.Collect$$libshutdown$$00000011)
    __rt_lib_shutdown_return                 0x000002ff   Thumb Code     0  libshutdown2.o(.ARM.Collect$$libshutdown$$00000012)
    __rt_lib_shutdown_signal_1               0x000002ff   Thumb Code     0  libshutdown2.o(.ARM.Collect$$libshutdown$$0000000C)
    __rt_lib_shutdown_stdio_1                0x000002ff   Thumb Code     0  libshutdown2.o(.ARM.Collect$$libshutdown$$00000006)
    __rt_lib_shutdown_user_alloc_1           0x000002ff   Thumb Code     0  libshutdown2.o(.ARM.Collect$$libshutdown$$0000000E)
    __rt_entry                               0x00000301   Thumb Code     0  __rtentry.o(.ARM.Collect$$rtentry$$00000000)
    __rt_entry_presh_1                       0x00000301   Thumb Code     0  __rtentry2.o(.ARM.Collect$$rtentry$$00000002)
    __rt_entry_sh                            0x00000301   Thumb Code     0  __rtentry4.o(.ARM.Collect$$rtentry$$00000004)
    __rt_entry_li                            0x00000307   Thumb Code     0  __rtentry2.o(.ARM.Collect$$rtentry$$0000000A)
    __rt_entry_postsh_1                      0x00000307   Thumb Code     0  __rtentry2.o(.ARM.Collect$$rtentry$$00000009)
    __rt_entry_main                          0x0000030b   Thumb Code     0  __rtentry2.o(.ARM.Collect$$rtentry$$0000000D)
    __rt_entry_postli_1                      0x0000030b   Thumb Code     0  __rtentry2.o(.ARM.Collect$$rtentry$$0000000C)
    __rt_exit                                0x00000313   Thumb Code     0  rtexit.o(.ARM.Collect$$rtexit$$00000000)
    __rt_exit_ls                             0x00000315   Thumb Code     0  rtexit2.o(.ARM.Collect$$rtexit$$00000003)
    __rt_exit_prels_1                        0x00000315   Thumb Code     0  rtexit2.o(.ARM.Collect$$rtexit$$00000002)
    __rt_exit_exit                           0x00000319   Thumb Code     0  rtexit2.o(.ARM.Collect$$rtexit$$00000004)
    DisableInterrupts                        0x00000321   Thumb Code     0  startup.o(.text)
    EnableInterrupts                         0x00000325   Thumb Code     0  startup.o(.text)
    StartCritical                            0x00000329   Thumb Code     0  startup.o(.text)
    EndCritical                              0x00000331   Thumb Code     0  startup.o(.text)
    WaitForInterrupt                         0x00000337   Thumb Code     0  startup.o(.text)
    __user_initial_stackheap                 0x0000033b   Thumb Code     0  startup.o(.text)
    Random_Init                              0x00000351   Thumb Code     0  random.o(.text)
    Random32                                 0x0000035b   Thumb Code     2  random.o(.text)
    Random                                   0x0000036d   Thumb Code     2  random.o(.text)
    writecommand                             0x00000391   Thumb Code     0  lcd.o(.text)
    writedata                                0x000003b9   Thumb Code     0  lcd.o(.text)
    __use_two_region_memory                  0x000003e5   Thumb Code     2  heapauxi.o(.text)
    __rt_heap_escrow$2region                 0x000003e7   Thumb Code     2  heapauxi.o(.text)
    __rt_heap_expand$2region                 0x000003e9   Thumb Code     2  heapauxi.o(.text)
    __user_setup_stackheap                   0x000003eb   Thumb Code    74  sys_stackheap_outer.o(.text)
    exit                                     0x00000435   Thumb Code    18  exit.o(.text)
    __user_libspace                          0x00000449   Thumb Code     8  libspace.o(.text)
    __user_perproc_libspace                  0x00000449   Thumb Code     0  libspace.o(.text)
    __user_perthread_libspace                0x00000449   Thumb Code     0  libspace.o(.text)
    _sys_exit                                0x00000451   Thumb Code     8  sys_exit.o(.text)
    __I$use$semihosting                      0x0000045d   Thumb Code     0  use_no_semi.o(.text)
    __use_no_semihosting_swi                 0x0000045d   Thumb Code     2  use_no_semi.o(.text)
    __semihosting_library_function           0x0000045f   Thumb Code     0  indicate_semi.o(.text)
    ADC1_Init                                0x00000461   Thumb Code   176  texas.o(i.ADC1_Init)
    ADC_In                                   0x00000529   Thumb Code    38  adc.o(i.ADC_In)
    ADC_Init                                 0x00000555   Thumb Code   200  adc.o(i.ADC_Init)
    ConvertADC                               0x00000635   Thumb Code    76  spaceinvaders.o(i.ConvertADC)
    Delay1ms                                 0x00000691   Thumb Code    32  st7735.o(i.Delay1ms)
    DrawLetterOutline                        0x000006b1   Thumb Code   256  spaceinvaders.o(i.DrawLetterOutline)
    Fifo_Init                                0x000007b9   Thumb Code    12  fifo.o(i.Fifo_Init)
    Fifo_Put                                 0x000007cd   Thumb Code    64  fifo.o(i.Fifo_Put)
    GPIOPortE_Handler                        0x00000819   Thumb Code   100  spaceinvaders.o(i.GPIOPortE_Handler)
    LogicAnalyzerA                           0x00000899   Thumb Code    16  texas.o(i.LogicAnalyzerA)
    LogicAnalyzerB                           0x000008b1   Thumb Code    14  texas.o(i.LogicAnalyzerB)
    LogicAnalyzerC                           0x000008c9   Thumb Code    16  texas.o(i.LogicAnalyzerC)
    LogicAnalyzerE                           0x000008e1   Thumb Code    14  texas.o(i.LogicAnalyzerE)
    LogicAnalyzerF                           0x000008f9   Thumb Code    14  texas.o(i.LogicAnalyzerF)
    Output_Init                              0x00000911   Thumb Code    16  st7735.o(i.Output_Init)
    PLL_Init                                 0x00000921   Thumb Code   120  pll.o(i.PLL_Init)
    PeriodicTask2_Init                       0x0000099d   Thumb Code   128  texas.o(i.PeriodicTask2_Init)
    ST7735_DrawBitmap                        0x00000a31   Thumb Code   258  st7735.o(i.ST7735_DrawBitmap)
    ST7735_DrawCharS                         0x00000b3d   Thumb Code   236  st7735.o(i.ST7735_DrawCharS)
    ST7735_DrawFastHLine                     0x00000c35   Thumb Code   116  st7735.o(i.ST7735_DrawFastHLine)
    ST7735_DrawFastVLine                     0x00000cb1   Thumb Code   116  st7735.o(i.ST7735_DrawFastVLine)
    ST7735_DrawPixel                         0x00000d2d   Thumb Code    64  st7735.o(i.ST7735_DrawPixel)
    ST7735_DrawString                        0x00000d75   Thumb Code    84  st7735.o(i.ST7735_DrawString)
    ST7735_FillRect                          0x00000dc9   Thumb Code   164  st7735.o(i.ST7735_FillRect)
    ST7735_FillScreen                        0x00000e75   Thumb Code    28  st7735.o(i.ST7735_FillScreen)
    ST7735_InitR                             0x00000e99   Thumb Code    90  st7735.o(i.ST7735_InitR)
    ST7735_InvertDisplay                     0x00000f15   Thumb Code    22  st7735.o(i.ST7735_InvertDisplay)
    ST7735_OutChar                           0x00000f2d   Thumb Code   176  st7735.o(i.ST7735_OutChar)
    ST7735_OutString                         0x00001001   Thumb Code    22  st7735.o(i.ST7735_OutString)
    ST7735_SetCursor                         0x00001019   Thumb Code    22  st7735.o(i.ST7735_SetCursor)
    ST7735_SetTextColor                      0x00001039   Thumb Code     6  st7735.o(i.ST7735_SetTextColor)
    Scope                                    0x00001045   Thumb Code    12  texas.o(i.Scope)
    StringLen                                0x00001059   Thumb Code    20  spaceinvaders.o(i.StringLen)
    SysTick_Handler                          0x0000106d   Thumb Code    20  spaceinvaders.o(i.SysTick_Handler)
    SysTick_Init                             0x00001085   Thumb Code    28  spaceinvaders.o(i.SysTick_Init)
    SysTick_Wait                             0x000010a1   Thumb Code    30  spaceinvaders.o(i.SysTick_Wait)
    TExaS_Init                               0x000010c1   Thumb Code   210  texas.o(i.TExaS_Init)
    Timer1A_Handler                          0x000011b5   Thumb Code     8  spaceinvaders.o(i.Timer1A_Handler)
    Timer5A_Handler                          0x000011c1   Thumb Code    16  texas.o(i.Timer5A_Handler)
    UART1_Handler                            0x000011d9   Thumb Code    52  uart.o(i.UART1_Handler)
    UART_Init                                0x00001219   Thumb Code   190  uart.o(i.UART_Init)
    UART_OutChar                             0x000012f5   Thumb Code    20  uart.o(i.UART_OutChar)
    main                                     0x000014ed   Thumb Code   346  spaceinvaders.o(i.main)
    keyboard                                 0x00001730   Data       40960  spaceinvaders.o(.constdata)
    smallCircle                              0x0000bd32   Data          36  st7735.o(.constdata)
    circle                                   0x0000bd56   Data          60  st7735.o(.constdata)
    dBfs                                     0x0000bd92   Data         512  st7735.o(.constdata)
    Region$$Table$$Base                      0x0000bf94   Number         0  anon$$obj.o(Region$$Table)
    Region$$Table$$Limit                     0x0000bfb4   Number         0  anon$$obj.o(Region$$Table)
    KeyIndex                                 0x20000000   Data           1  spaceinvaders.o(.data)
    OldIndex                                 0x20000001   Data           1  spaceinvaders.o(.data)
    oldRow                                   0x20000002   Data           1  spaceinvaders.o(.data)
    keyRow                                   0x20000003   Data           1  spaceinvaders.o(.data)
    TopRow                                   0x20000004   Data          11  spaceinvaders.o(.data)
    MiddleRow                                0x2000000f   Data          10  spaceinvaders.o(.data)
    BottomRow                                0x20000019   Data           8  spaceinvaders.o(.data)
    StX                                      0x20000024   Data           4  st7735.o(.data)
    StY                                      0x20000028   Data           4  st7735.o(.data)
    StTextColor                              0x2000002c   Data           2  st7735.o(.data)
    Messageindex                             0x20000038   Data           4  st7735.o(.data)
    Ymax                                     0x2000003c   Data           4  st7735.o(.data)
    Ymin                                     0x20000040   Data           4  st7735.o(.data)
    X                                        0x20000044   Data           4  st7735.o(.data)
    Yrange                                   0x20000048   Data           4  st7735.o(.data)
    lastj                                    0x2000004c   Data           4  st7735.o(.data)
    PeriodicTask2                            0x20000050   Data           4  texas.o(.data)
    received                                 0x20000054   Data           4  uart.o(.data)
    FIFO                                     0x20000064   Data          36  fifo.o(.bss)
    __libspace_start                         0x20000088   Data          96  libspace.o(.bss)
    __temporary_stack_top$libspace           0x200000e8   Data           0  libspace.o(.bss)



==============================================================================

Memory Map of the image

  Image Entry point : 0x0000026d

  Load Region LR_1 (Base: 0x00000000, Size: 0x0000c018, Max: 0xffffffff, ABSOLUTE)

    Execution Region ER_RO (Exec base: 0x00000000, Load base: 0x00000000, Size: 0x0000bfb4, Max: 0xffffffff, ABSOLUTE)

    Exec Addr    Load Addr    Size         Type   Attr      Idx    E Section Name        Object

    0x00000000   0x00000000   0x00000284   Code   RO            3  * RESET               startup.o
    0x00000284   0x00000284   0x00000008   Code   RO          728  * !!!main             c_w.l(__main.o)
    0x0000028c   0x0000028c   0x00000034   Code   RO          887    !!!scatter          c_w.l(__scatter.o)
    0x000002c0   0x000002c0   0x0000001a   Code   RO          889    !!handler_copy      c_w.l(__scatter_copy.o)
    0x000002da   0x000002da   0x00000002   PAD
    0x000002dc   0x000002dc   0x0000001c   Code   RO          891    !!handler_zi        c_w.l(__scatter_zi.o)
    0x000002f8   0x000002f8   0x00000002   Code   RO          755    .ARM.Collect$$libinit$$00000000  c_w.l(libinit.o)
    0x000002fa   0x000002fa   0x00000000   Code   RO          762    .ARM.Collect$$libinit$$00000002  c_w.l(libinit2.o)
    0x000002fa   0x000002fa   0x00000000   Code   RO          764    .ARM.Collect$$libinit$$00000004  c_w.l(libinit2.o)
    0x000002fa   0x000002fa   0x00000000   Code   RO          767    .ARM.Collect$$libinit$$0000000A  c_w.l(libinit2.o)
    0x000002fa   0x000002fa   0x00000000   Code   RO          769    .ARM.Collect$$libinit$$0000000C  c_w.l(libinit2.o)
    0x000002fa   0x000002fa   0x00000000   Code   RO          771    .ARM.Collect$$libinit$$0000000E  c_w.l(libinit2.o)
    0x000002fa   0x000002fa   0x00000000   Code   RO          774    .ARM.Collect$$libinit$$00000011  c_w.l(libinit2.o)
    0x000002fa   0x000002fa   0x00000000   Code   RO          776    .ARM.Collect$$libinit$$00000013  c_w.l(libinit2.o)
    0x000002fa   0x000002fa   0x00000000   Code   RO          778    .ARM.Collect$$libinit$$00000015  c_w.l(libinit2.o)
    0x000002fa   0x000002fa   0x00000000   Code   RO          780    .ARM.Collect$$libinit$$00000017  c_w.l(libinit2.o)
    0x000002fa   0x000002fa   0x00000000   Code   RO          782    .ARM.Collect$$libinit$$00000019  c_w.l(libinit2.o)
    0x000002fa   0x000002fa   0x00000000   Code   RO          784    .ARM.Collect$$libinit$$0000001B  c_w.l(libinit2.o)
    0x000002fa   0x000002fa   0x00000000   Code   RO          786    .ARM.Collect$$libinit$$0000001D  c_w.l(libinit2.o)
    0x000002fa   0x000002fa   0x00000000   Code   RO          788    .ARM.Collect$$libinit$$0000001F  c_w.l(libinit2.o)
    0x000002fa   0x000002fa   0x00000000   Code   RO          790    .ARM.Collect$$libinit$$00000021  c_w.l(libinit2.o)
    0x000002fa   0x000002fa   0x00000000   Code   RO          792    .ARM.Collect$$libinit$$00000023  c_w.l(libinit2.o)
    0x000002fa   0x000002fa   0x00000000   Code   RO          794    .ARM.Collect$$libinit$$00000025  c_w.l(libinit2.o)
    0x000002fa   0x000002fa   0x00000000   Code   RO          798    .ARM.Collect$$libinit$$0000002C  c_w.l(libinit2.o)
    0x000002fa   0x000002fa   0x00000000   Code   RO          800    .ARM.Collect$$libinit$$0000002E  c_w.l(libinit2.o)
    0x000002fa   0x000002fa   0x00000000   Code   RO          802    .ARM.Collect$$libinit$$00000030  c_w.l(libinit2.o)
    0x000002fa   0x000002fa   0x00000000   Code   RO          804    .ARM.Collect$$libinit$$00000032  c_w.l(libinit2.o)
    0x000002fa   0x000002fa   0x00000002   Code   RO          805    .ARM.Collect$$libinit$$00000033  c_w.l(libinit2.o)
    0x000002fc   0x000002fc   0x00000002   Code   RO          825    .ARM.Collect$$libshutdown$$00000000  c_w.l(libshutdown.o)
    0x000002fe   0x000002fe   0x00000000   Code   RO          838    .ARM.Collect$$libshutdown$$00000002  c_w.l(libshutdown2.o)
    0x000002fe   0x000002fe   0x00000000   Code   RO          840    .ARM.Collect$$libshutdown$$00000004  c_w.l(libshutdown2.o)
    0x000002fe   0x000002fe   0x00000000   Code   RO          842    .ARM.Collect$$libshutdown$$00000006  c_w.l(libshutdown2.o)
    0x000002fe   0x000002fe   0x00000000   Code   RO          845    .ARM.Collect$$libshutdown$$00000009  c_w.l(libshutdown2.o)
    0x000002fe   0x000002fe   0x00000000   Code   RO          848    .ARM.Collect$$libshutdown$$0000000C  c_w.l(libshutdown2.o)
    0x000002fe   0x000002fe   0x00000000   Code   RO          850    .ARM.Collect$$libshutdown$$0000000E  c_w.l(libshutdown2.o)
    0x000002fe   0x000002fe   0x00000000   Code   RO          853    .ARM.Collect$$libshutdown$$00000011  c_w.l(libshutdown2.o)
    0x000002fe   0x000002fe   0x00000002   Code   RO          854    .ARM.Collect$$libshutdown$$00000012  c_w.l(libshutdown2.o)
    0x00000300   0x00000300   0x00000000   Code   RO          730    .ARM.Collect$$rtentry$$00000000  c_w.l(__rtentry.o)
    0x00000300   0x00000300   0x00000000   Code   RO          732    .ARM.Collect$$rtentry$$00000002  c_w.l(__rtentry2.o)
    0x00000300   0x00000300   0x00000006   Code   RO          744    .ARM.Collect$$rtentry$$00000004  c_w.l(__rtentry4.o)
    0x00000306   0x00000306   0x00000000   Code   RO          734    .ARM.Collect$$rtentry$$00000009  c_w.l(__rtentry2.o)
    0x00000306   0x00000306   0x00000004   Code   RO          735    .ARM.Collect$$rtentry$$0000000A  c_w.l(__rtentry2.o)
    0x0000030a   0x0000030a   0x00000000   Code   RO          737    .ARM.Collect$$rtentry$$0000000C  c_w.l(__rtentry2.o)
    0x0000030a   0x0000030a   0x00000008   Code   RO          738    .ARM.Collect$$rtentry$$0000000D  c_w.l(__rtentry2.o)
    0x00000312   0x00000312   0x00000002   Code   RO          759    .ARM.Collect$$rtexit$$00000000  c_w.l(rtexit.o)
    0x00000314   0x00000314   0x00000000   Code   RO          807    .ARM.Collect$$rtexit$$00000002  c_w.l(rtexit2.o)
    0x00000314   0x00000314   0x00000004   Code   RO          808    .ARM.Collect$$rtexit$$00000003  c_w.l(rtexit2.o)
    0x00000318   0x00000318   0x00000006   Code   RO          809    .ARM.Collect$$rtexit$$00000004  c_w.l(rtexit2.o)
    0x0000031e   0x0000031e   0x00000002   PAD
    0x00000320   0x00000320   0x00000030   Code   RO            4    .text               startup.o
    0x00000350   0x00000350   0x00000040   Code   RO           13    .text               random.o
    0x00000390   0x00000390   0x00000054   Code   RO           83    .text               lcd.o
    0x000003e4   0x000003e4   0x00000006   Code   RO          726    .text               c_w.l(heapauxi.o)
    0x000003ea   0x000003ea   0x0000004a   Code   RO          746    .text               c_w.l(sys_stackheap_outer.o)
    0x00000434   0x00000434   0x00000012   Code   RO          748    .text               c_w.l(exit.o)
    0x00000446   0x00000446   0x00000002   PAD
    0x00000448   0x00000448   0x00000008   Code   RO          756    .text               c_w.l(libspace.o)
    0x00000450   0x00000450   0x0000000c   Code   RO          817    .text               c_w.l(sys_exit.o)
    0x0000045c   0x0000045c   0x00000002   Code   RO          828    .text               c_w.l(use_no_semi.o)
    0x0000045e   0x0000045e   0x00000000   Code   RO          830    .text               c_w.l(indicate_semi.o)
    0x0000045e   0x0000045e   0x00000002   PAD
    0x00000460   0x00000460   0x000000c8   Code   RO          501    i.ADC1_Init         texas.o
    0x00000528   0x00000528   0x0000002c   Code   RO           41    i.ADC_In            adc.o
    0x00000554   0x00000554   0x000000e0   Code   RO           42    i.ADC_Init          adc.o
    0x00000634   0x00000634   0x0000005c   Code   RO           92    i.ConvertADC        spaceinvaders.o
    0x00000690   0x00000690   0x00000020   Code   RO          209    i.Delay1ms          st7735.o
    0x000006b0   0x000006b0   0x00000108   Code   RO           93    i.DrawLetterOutline  spaceinvaders.o
    0x000007b8   0x000007b8   0x00000014   Code   RO          697    i.Fifo_Init         fifo.o
    0x000007cc   0x000007cc   0x0000004c   Code   RO          698    i.Fifo_Put          fifo.o
    0x00000818   0x00000818   0x00000080   Code   RO           94    i.GPIOPortE_Handler  spaceinvaders.o
    0x00000898   0x00000898   0x00000018   Code   RO          502    i.LogicAnalyzerA    texas.o
    0x000008b0   0x000008b0   0x00000018   Code   RO          503    i.LogicAnalyzerB    texas.o
    0x000008c8   0x000008c8   0x00000018   Code   RO          504    i.LogicAnalyzerC    texas.o
    0x000008e0   0x000008e0   0x00000018   Code   RO          505    i.LogicAnalyzerE    texas.o
    0x000008f8   0x000008f8   0x00000018   Code   RO          506    i.LogicAnalyzerF    texas.o
    0x00000910   0x00000910   0x00000010   Code   RO          214    i.Output_Init       st7735.o
    0x00000920   0x00000920   0x0000007c   Code   RO          609    i.PLL_Init          pll.o
    0x0000099c   0x0000099c   0x00000094   Code   RO          507    i.PeriodicTask2_Init  texas.o
    0x00000a30   0x00000a30   0x0000010c   Code   RO          218    i.ST7735_DrawBitmap  st7735.o
    0x00000b3c   0x00000b3c   0x000000f8   Code   RO          220    i.ST7735_DrawCharS  st7735.o
    0x00000c34   0x00000c34   0x0000007c   Code   RO          222    i.ST7735_DrawFastHLine  st7735.o
    0x00000cb0   0x00000cb0   0x0000007c   Code   RO          223    i.ST7735_DrawFastVLine  st7735.o
    0x00000d2c   0x00000d2c   0x00000048   Code   RO          224    i.ST7735_DrawPixel  st7735.o
    0x00000d74   0x00000d74   0x00000054   Code   RO          226    i.ST7735_DrawString  st7735.o
    0x00000dc8   0x00000dc8   0x000000ac   Code   RO          227    i.ST7735_FillRect   st7735.o
    0x00000e74   0x00000e74   0x00000024   Code   RO          228    i.ST7735_FillScreen  st7735.o
    0x00000e98   0x00000e98   0x0000007c   Code   RO          230    i.ST7735_InitR      st7735.o
    0x00000f14   0x00000f14   0x00000016   Code   RO          231    i.ST7735_InvertDisplay  st7735.o
    0x00000f2a   0x00000f2a   0x00000002   PAD
    0x00000f2c   0x00000f2c   0x000000d4   Code   RO          232    i.ST7735_OutChar    st7735.o
    0x00001000   0x00001000   0x00000016   Code   RO          233    i.ST7735_OutString  st7735.o
    0x00001016   0x00001016   0x00000002   PAD
    0x00001018   0x00001018   0x00000020   Code   RO          243    i.ST7735_SetCursor  st7735.o
    0x00001038   0x00001038   0x0000000c   Code   RO          245    i.ST7735_SetTextColor  st7735.o
    0x00001044   0x00001044   0x00000014   Code   RO          509    i.Scope             texas.o
    0x00001058   0x00001058   0x00000014   Code   RO           95    i.StringLen         spaceinvaders.o
    0x0000106c   0x0000106c   0x00000018   Code   RO           96    i.SysTick_Handler   spaceinvaders.o
    0x00001084   0x00001084   0x0000001c   Code   RO           97    i.SysTick_Init      spaceinvaders.o
    0x000010a0   0x000010a0   0x0000001e   Code   RO           98    i.SysTick_Wait      spaceinvaders.o
    0x000010be   0x000010be   0x00000002   PAD
    0x000010c0   0x000010c0   0x000000f4   Code   RO          510    i.TExaS_Init        texas.o
    0x000011b4   0x000011b4   0x0000000c   Code   RO           99    i.Timer1A_Handler   spaceinvaders.o
    0x000011c0   0x000011c0   0x00000018   Code   RO          512    i.Timer5A_Handler   texas.o
    0x000011d8   0x000011d8   0x00000040   Code   RO          626    i.UART1_Handler     uart.o
    0x00001218   0x00001218   0x000000dc   Code   RO          629    i.UART_Init         uart.o
    0x000012f4   0x000012f4   0x00000018   Code   RO          630    i.UART_OutChar      uart.o
    0x0000130c   0x0000130c   0x00000056   Code   RO          247    i.commandList       st7735.o
    0x00001362   0x00001362   0x00000002   PAD
    0x00001364   0x00001364   0x00000188   Code   RO          248    i.commonInit        st7735.o
    0x000014ec   0x000014ec   0x000001bc   Code   RO          100    i.main              spaceinvaders.o
    0x000016a8   0x000016a8   0x00000012   Code   RO          254    i.pushColor         st7735.o
    0x000016ba   0x000016ba   0x00000002   PAD
    0x000016bc   0x000016bc   0x00000074   Code   RO          255    i.setAddrWindow     st7735.o
    0x00001730   0x00001730   0x0000a020   Data   RO          101    .constdata          spaceinvaders.o
    0x0000b750   0x0000b750   0x00000842   Data   RO          257    .constdata          st7735.o
    0x0000bf92   0x0000bf92   0x00000002   PAD
    0x0000bf94   0x0000bf94   0x00000020   Data   RO          885    Region$$Table       anon$$obj.o


    Execution Region ER_RW (Exec base: 0x20000000, Load base: 0x0000bfb4, Size: 0x00000064, Max: 0xffffffff, ABSOLUTE)

    Exec Addr    Load Addr    Size         Type   Attr      Idx    E Section Name        Object

    0x20000000   0x0000bfb4   0x00000021   Data   RW          102    .data               spaceinvaders.o
    0x20000021   0x0000bfd5   0x00000003   PAD
    0x20000024   0x0000bfd8   0x0000002c   Data   RW          258    .data               st7735.o
    0x20000050   0x0000c004   0x00000004   Data   RW          517    .data               texas.o
    0x20000054   0x0000c008   0x00000004   Data   RW          632    .data               uart.o
    0x20000058   0x0000c00c   0x00000008   Data   RW          700    .data               fifo.o
    0x20000060   0x0000c014   0x00000004   Data   RW           12    DATA                random.o


    Execution Region ER_ZI (Exec base: 0x20000064, Load base: 0x0000c018, Size: 0x00000484, Max: 0xffffffff, ABSOLUTE)

    Exec Addr    Load Addr    Size         Type   Attr      Idx    E Section Name        Object

    0x20000064        -       0x00000024   Zero   RW          699    .bss                fifo.o
    0x20000088        -       0x00000060   Zero   RW          757    .bss                c_w.l(libspace.o)
    0x200000e8        -       0x00000000   Zero   RW            2    HEAP                startup.o
    0x200000e8        -       0x00000400   Zero   RW            1    STACK               startup.o


==============================================================================

Image component sizes


      Code (inc. data)   RO Data    RW Data    ZI Data      Debug   Object Name

       268         30          0          0          0        864   adc.o
         0          0          0          0          0       4508   dac.o
        96         20          0          8         36       1366   fifo.o
        84         14          0          0          0        236   lcd.o
       124          4          0          0          0        447   pll.o
        64         14          0          4          0        236   random.o
      1042        158      40992         33          0       7084   spaceinvaders.o
      2212        208       2114         44          0      15622   st7735.o
       692        632          0          0       1024        972   startup.o
       756        140          0          4          0       5269   texas.o
       308         46          0          4          0       1518   uart.o

    ----------------------------------------------------------------------
      5656       1266      43140        100       1060      38122   Object Totals
         0          0         32          0          0          0   (incl. Generated)
        10          0          2          3          0          0   (incl. Padding)

    ----------------------------------------------------------------------

      Code (inc. data)   RO Data    RW Data    ZI Data      Debug   Library Member Name

         8          0          0          0          0         68   __main.o
         0          0          0          0          0          0   __rtentry.o
        12          0          0          0          0          0   __rtentry2.o
         6          0          0          0          0          0   __rtentry4.o
        52          8          0          0          0          0   __scatter.o
        26          0          0          0          0          0   __scatter_copy.o
        28          0          0          0          0          0   __scatter_zi.o
        18          0          0          0          0         80   exit.o
         6          0          0          0          0        152   heapauxi.o
         0          0          0          0          0          0   indicate_semi.o
         2          0          0          0          0          0   libinit.o
         2          0          0          0          0          0   libinit2.o
         2          0          0          0          0          0   libshutdown.o
         2          0          0          0          0          0   libshutdown2.o
         8          4          0          0         96         68   libspace.o
         2          0          0          0          0          0   rtexit.o
        10          0          0          0          0          0   rtexit2.o
        12          4          0          0          0         68   sys_exit.o
        74          0          0          0          0         80   sys_stackheap_outer.o
         2          0          0          0          0         68   use_no_semi.o

    ----------------------------------------------------------------------
       280         16          0          0         96        584   Library Totals
         8          0          0          0          0          0   (incl. Padding)

    ----------------------------------------------------------------------

      Code (inc. data)   RO Data    RW Data    ZI Data      Debug   Library Name

       272         16          0          0         96        584   c_w.l

    ----------------------------------------------------------------------
       280         16          0          0         96        584   Library Totals

    ----------------------------------------------------------------------

==============================================================================


      Code (inc. data)   RO Data    RW Data    ZI Data      Debug   

      5936       1282      43140        100       1156      36310   Grand Totals
      5936       1282      43140        100       1156      36310   ELF Image Totals
      5936       1282      43140        100          0          0   ROM Totals

==============================================================================

    Total RO  Size (Code + RO Data)                49076 (  47.93kB)
    Total RW  Size (RW Data + ZI Data)              1256 (   1.23kB)
    Total ROM Size (Code + RO Data + RW Data)      49176 (  48.02kB)

==============================================================================

