<html>
<body>
<pre>
<h1>µVision Build Log</h1>
<h2>Project:</h2>
C:\Users\ry2333\Google Drive\EE319K\LabSolutions\Lab10_EE319K\SpaceInvaders.uvproj
Project File Date:  04/18/2018

<h2>Output:</h2>
Rebuild target 'SpaceInvaders'
assembling startup.s...
assembling random.s...
compiling DAC.c...
compiling ADC.c...
compiling Timer0.c...
compiling Timer1.c...
compiling Sound.c...
assembling LCD.s...
assembling Print.s...
compiling SpaceInvaders.c...
Images.h(142): warning:  #1-D: last line of file ends without a newline
compiling ST7735.c...
compiling PLL.c...
linking...
Program Size: Code=3492 RO-data=4728 RW-data=56 ZI-data=1120  
".\SpaceInvaders.axf" - 0 Errors, 1 Warning(s).
Rebuild target 'SpaceInvaders'
assembling startup.s...
assembling random.s...
compiling DAC.c...
compiling ADC.c...
compiling Timer0.c...
compiling Timer1.c...
compiling Sound.c...
assembling LCD.s...
assembling Print.s...
compiling SpaceInvaders.c...
Images.h(142): warning:  #1-D: last line of file ends without a newline
compiling ST7735.c...
compiling PLL.c...
linking...
Program Size: Code=3568 RO-data=4728 RW-data=56 ZI-data=1120  
".\SpaceInvaders.axf" - 0 Errors, 1 Warning(s).
Rebuild target 'SpaceInvaders'
assembling startup.s...
assembling random.s...
compiling DAC.c...
compiling ADC.c...
compiling Timer0.c...
compiling Timer1.c...
compiling Sound.c...
assembling LCD.s...
assembling Print.s...
compiling SpaceInvaders.c...
Images.h(142): warning:  #1-D: last line of file ends without a newline
compiling ST7735.c...
compiling PLL.c...
linking...
Program Size: Code=3568 RO-data=4728 RW-data=56 ZI-data=1120  
".\SpaceInvaders.axf" - 0 Errors, 1 Warning(s).
Rebuild target 'SpaceInvaders'
assembling startup.s...
assembling random.s...
compiling DAC.c...
compiling ADC.c...
compiling Timer0.c...
compiling Timer1.c...
compiling Sound.c...
assembling LCD.s...
assembling Print.s...
compiling SpaceInvaders.c...
Images.h(142): warning:  #1-D: last line of file ends without a newline
compiling ST7735.c...
compiling PLL.c...
linking...
Program Size: Code=3568 RO-data=4728 RW-data=56 ZI-data=1120  
".\SpaceInvaders.axf" - 0 Errors, 1 Warning(s).
Rebuild target 'SpaceInvaders'
assembling startup.s...
assembling random.s...
compiling DAC.c...
compiling ADC.c...
compiling Timer0.c...
compiling Timer1.c...
compiling Sound.c...
assembling LCD.s...
assembling Print.s...
compiling SpaceInvaders.c...
Images.h(142): warning:  #1-D: last line of file ends without a newline
compiling ST7735.c...
compiling PLL.c...
linking...
Program Size: Code=3492 RO-data=4728 RW-data=56 ZI-data=1120  
".\SpaceInvaders.axf" - 0 Errors, 1 Warning(s).
Rebuild target 'SpaceInvaders'
assembling startup.s...
assembling random.s...
compiling DAC.c...
compiling ADC.c...
compiling Timer0.c...
compiling Timer1.c...
compiling Sound.c...
assembling LCD.s...
assembling Print.s...
compiling SpaceInvaders.c...
Images.h(142): warning:  #1-D: last line of file ends without a newline
compiling ST7735.c...
compiling PLL.c...
linking...
Program Size: Code=3568 RO-data=4728 RW-data=56 ZI-data=1120  
".\SpaceInvaders.axf" - 0 Errors, 1 Warning(s).
Rebuild target 'SpaceInvaders'
assembling startup.s...
assembling random.s...
compiling DAC.c...
compiling ADC.c...
compiling Timer0.c...
compiling Timer1.c...
compiling Sound.c...
assembling LCD.s...
assembling Print.s...
compiling SpaceInvaders.c...
Images.h(142): warning:  #1-D: last line of file ends without a newline
compiling ST7735.c...
compiling PLL.c...
linking...
Program Size: Code=3568 RO-data=4728 RW-data=56 ZI-data=1120  
".\SpaceInvaders.axf" - 0 Errors, 1 Warning(s).
Rebuild target 'SpaceInvaders'
assembling startup.s...
assembling random.s...
compiling DAC.c...
compiling ADC.c...
compiling Timer0.c...
compiling Timer1.c...
compiling Sound.c...
assembling LCD.s...
assembling Print.s...
compiling SpaceInvaders.c...
Images.h(156): warning:  #1-D: last line of file ends without a newline
compiling ST7735.c...
compiling PLL.c...
linking...
Program Size: Code=3568 RO-data=5016 RW-data=56 ZI-data=1120  
".\SpaceInvaders.axf" - 0 Errors, 1 Warning(s).
Rebuild target 'SpaceInvaders'
assembling startup.s...
assembling random.s...
compiling DAC.c...
compiling ADC.c...
compiling Timer0.c...
compiling Timer1.c...
compiling Sound.c...
assembling LCD.s...
assembling Print.s...
compiling SpaceInvaders.c...
Images.h(156): warning:  #1-D: last line of file ends without a newline
compiling ST7735.c...
compiling PLL.c...
linking...
Program Size: Code=3568 RO-data=5016 RW-data=56 ZI-data=1120  
".\SpaceInvaders.axf" - 0 Errors, 1 Warning(s).
Rebuild target 'SpaceInvaders'
assembling startup.s...
assembling random.s...
compiling DAC.c...
compiling ADC.c...
compiling Timer0.c...
compiling Timer1.c...
compiling Sound.c...
assembling LCD.s...
assembling Print.s...
compiling SpaceInvaders.c...
Images.h(156): warning:  #1-D: last line of file ends without a newline
compiling ST7735.c...
compiling PLL.c...
linking...
Program Size: Code=3492 RO-data=5016 RW-data=56 ZI-data=1120  
".\SpaceInvaders.axf" - 0 Errors, 1 Warning(s).
Rebuild target 'SpaceInvaders'
assembling startup.s...
assembling random.s...
compiling DAC.c...
compiling ADC.c...
compiling Timer0.c...
compiling Timer1.c...
compiling Sound.c...
assembling LCD.s...
assembling Print.s...
compiling SpaceInvaders.c...
Images.h(156): warning:  #1-D: last line of file ends without a newline
compiling ST7735.c...
compiling PLL.c...
linking...
Program Size: Code=3568 RO-data=5016 RW-data=56 ZI-data=1120  
".\SpaceInvaders.axf" - 0 Errors, 1 Warning(s).
Rebuild target 'SpaceInvaders'
assembling startup.s...
assembling random.s...
compiling DAC.c...
compiling ADC.c...
compiling Timer0.c...
compiling Timer1.c...
compiling Sound.c...
assembling LCD.s...
assembling Print.s...
compiling SpaceInvaders.c...
Images.h(156): warning:  #1-D: last line of file ends without a newline
compiling ST7735.c...
compiling PLL.c...
linking...
Program Size: Code=3568 RO-data=5016 RW-data=56 ZI-data=1120  
".\SpaceInvaders.axf" - 0 Errors, 1 Warning(s).
Rebuild target 'SpaceInvaders'
assembling startup.s...
assembling random.s...
compiling DAC.c...
compiling ADC.c...
compiling Timer0.c...
compiling Timer1.c...
compiling Sound.c...
assembling LCD.s...
assembling Print.s...
compiling SpaceInvaders.c...
Images.h(169): warning:  #1-D: last line of file ends without a newline
compiling ST7735.c...
compiling PLL.c...
linking...
Program Size: Code=3568 RO-data=5304 RW-data=56 ZI-data=1120  
".\SpaceInvaders.axf" - 0 Errors, 1 Warning(s).
